Archive member included to satisfy reference by file (symbol)

/home/ada/Downloads/gcc-arm-none-eabi-5_4-2016q3/bin/../lib/gcc/arm-none-eabi/5.4.1/../../../../arm-none-eabi/lib/armv7e-m/fpu/libc_nano.a(lib_a-exit.o)
                              /home/ada/Downloads/gcc-arm-none-eabi-5_4-2016q3/bin/../lib/gcc/arm-none-eabi/5.4.1/../../../../arm-none-eabi/lib/armv7e-m/fpu/crt0.o (exit)
/home/ada/Downloads/gcc-arm-none-eabi-5_4-2016q3/bin/../lib/gcc/arm-none-eabi/5.4.1/../../../../arm-none-eabi/lib/armv7e-m/fpu/libc_nano.a(lib_a-impure.o)
                              /home/ada/Downloads/gcc-arm-none-eabi-5_4-2016q3/bin/../lib/gcc/arm-none-eabi/5.4.1/../../../../arm-none-eabi/lib/armv7e-m/fpu/libc_nano.a(lib_a-exit.o) (_global_impure_ptr)
/home/ada/Downloads/gcc-arm-none-eabi-5_4-2016q3/bin/../lib/gcc/arm-none-eabi/5.4.1/../../../../arm-none-eabi/lib/armv7e-m/fpu/libc_nano.a(lib_a-init.o)
                              /home/ada/Downloads/gcc-arm-none-eabi-5_4-2016q3/bin/../lib/gcc/arm-none-eabi/5.4.1/../../../../arm-none-eabi/lib/armv7e-m/fpu/crt0.o (__libc_init_array)
/home/ada/Downloads/gcc-arm-none-eabi-5_4-2016q3/bin/../lib/gcc/arm-none-eabi/5.4.1/../../../../arm-none-eabi/lib/armv7e-m/fpu/libc_nano.a(lib_a-malloc.o)
                              build/usbh_cdc.o (malloc)
/home/ada/Downloads/gcc-arm-none-eabi-5_4-2016q3/bin/../lib/gcc/arm-none-eabi/5.4.1/../../../../arm-none-eabi/lib/armv7e-m/fpu/libc_nano.a(lib_a-memcpy-stub.o)
                              build/usbh_mtp.o (memcpy)
/home/ada/Downloads/gcc-arm-none-eabi-5_4-2016q3/bin/../lib/gcc/arm-none-eabi/5.4.1/../../../../arm-none-eabi/lib/armv7e-m/fpu/libc_nano.a(lib_a-memset.o)
                              /home/ada/Downloads/gcc-arm-none-eabi-5_4-2016q3/bin/../lib/gcc/arm-none-eabi/5.4.1/../../../../arm-none-eabi/lib/armv7e-m/fpu/crt0.o (memset)
/home/ada/Downloads/gcc-arm-none-eabi-5_4-2016q3/bin/../lib/gcc/arm-none-eabi/5.4.1/../../../../arm-none-eabi/lib/armv7e-m/fpu/libc_nano.a(lib_a-nano-freer.o)
                              /home/ada/Downloads/gcc-arm-none-eabi-5_4-2016q3/bin/../lib/gcc/arm-none-eabi/5.4.1/../../../../arm-none-eabi/lib/armv7e-m/fpu/libc_nano.a(lib_a-malloc.o) (_free_r)
/home/ada/Downloads/gcc-arm-none-eabi-5_4-2016q3/bin/../lib/gcc/arm-none-eabi/5.4.1/../../../../arm-none-eabi/lib/armv7e-m/fpu/libc_nano.a(lib_a-nano-mallocr.o)
                              /home/ada/Downloads/gcc-arm-none-eabi-5_4-2016q3/bin/../lib/gcc/arm-none-eabi/5.4.1/../../../../arm-none-eabi/lib/armv7e-m/fpu/libc_nano.a(lib_a-malloc.o) (_malloc_r)
/home/ada/Downloads/gcc-arm-none-eabi-5_4-2016q3/bin/../lib/gcc/arm-none-eabi/5.4.1/../../../../arm-none-eabi/lib/armv7e-m/fpu/libc_nano.a(lib_a-sbrkr.o)
                              /home/ada/Downloads/gcc-arm-none-eabi-5_4-2016q3/bin/../lib/gcc/arm-none-eabi/5.4.1/../../../../arm-none-eabi/lib/armv7e-m/fpu/libc_nano.a(lib_a-nano-mallocr.o) (_sbrk_r)
/home/ada/Downloads/gcc-arm-none-eabi-5_4-2016q3/bin/../lib/gcc/arm-none-eabi/5.4.1/../../../../arm-none-eabi/lib/armv7e-m/fpu/libc_nano.a(lib_a-mlock.o)
                              /home/ada/Downloads/gcc-arm-none-eabi-5_4-2016q3/bin/../lib/gcc/arm-none-eabi/5.4.1/../../../../arm-none-eabi/lib/armv7e-m/fpu/libc_nano.a(lib_a-nano-freer.o) (__malloc_lock)
/home/ada/Downloads/gcc-arm-none-eabi-5_4-2016q3/bin/../lib/gcc/arm-none-eabi/5.4.1/../../../../arm-none-eabi/lib/armv7e-m/fpu/libc_nano.a(lib_a-reent.o)
                              /home/ada/Downloads/gcc-arm-none-eabi-5_4-2016q3/bin/../lib/gcc/arm-none-eabi/5.4.1/../../../../arm-none-eabi/lib/armv7e-m/fpu/libc_nano.a(lib_a-sbrkr.o) (errno)
/home/ada/Downloads/gcc-arm-none-eabi-5_4-2016q3/bin/../lib/gcc/arm-none-eabi/5.4.1/../../../../arm-none-eabi/lib/armv7e-m/fpu/libnosys.a(sbrk.o)
                              /home/ada/Downloads/gcc-arm-none-eabi-5_4-2016q3/bin/../lib/gcc/arm-none-eabi/5.4.1/../../../../arm-none-eabi/lib/armv7e-m/fpu/libc_nano.a(lib_a-sbrkr.o) (_sbrk)
/home/ada/Downloads/gcc-arm-none-eabi-5_4-2016q3/bin/../lib/gcc/arm-none-eabi/5.4.1/../../../../arm-none-eabi/lib/armv7e-m/fpu/libnosys.a(_exit.o)
                              /home/ada/Downloads/gcc-arm-none-eabi-5_4-2016q3/bin/../lib/gcc/arm-none-eabi/5.4.1/../../../../arm-none-eabi/lib/armv7e-m/fpu/libc_nano.a(lib_a-exit.o) (_exit)
/home/ada/Downloads/gcc-arm-none-eabi-5_4-2016q3/bin/../lib/gcc/arm-none-eabi/5.4.1/armv7e-m/fpu/libgcc.a(_aeabi_uldivmod.o)
                              build/stm32f4xx_hal_rcc.o (__aeabi_uldivmod)
/home/ada/Downloads/gcc-arm-none-eabi-5_4-2016q3/bin/../lib/gcc/arm-none-eabi/5.4.1/armv7e-m/fpu/libgcc.a(_udivmoddi4.o)
                              /home/ada/Downloads/gcc-arm-none-eabi-5_4-2016q3/bin/../lib/gcc/arm-none-eabi/5.4.1/armv7e-m/fpu/libgcc.a(_aeabi_uldivmod.o) (__udivmoddi4)
/home/ada/Downloads/gcc-arm-none-eabi-5_4-2016q3/bin/../lib/gcc/arm-none-eabi/5.4.1/armv7e-m/fpu/libgcc.a(_dvmd_tls.o)
[...]
Memory Configuration

Name             Origin             Length             Attributes
RAM              0x20000000         0x00020000         xrw
CCMRAM           0x10000000         0x00010000         rw
FLASH            0x08000000         0x00100000         xr
*default*        0x00000000         0xffffffff

Linker script and memory map

LOAD /home/ada/Downloads/gcc-arm-none-eabi-5_4-2016q3/bin/../lib/gcc/arm-none-eabi/5.4.1/armv7e-m/fpu/crti.o
LOAD /home/ada/Downloads/gcc-arm-none-eabi-5_4-2016q3/bin/../lib/gcc/arm-none-eabi/5.4.1/armv7e-m/fpu/crtbegin.o
LOAD /home/ada/Downloads/gcc-arm-none-eabi-5_4-2016q3/bin/../lib/gcc/arm-none-eabi/5.4.1/../../../../arm-none-eabi/lib/armv7e-m/fpu/crt0.o
LOAD build/usbh_pipes.o
LOAD build/stm32f4xx_hal_tim.o
LOAD build/stm32f4xx_hal_tim_ex.o
LOAD build/ff_gen_drv.o
LOAD build/syscall.o
LOAD build/stm32f4xx_hal_sd.o
LOAD build/stm32f4xx_hal_flash.o
LOAD build/bsp_driver_sd.o
LOAD build/stm32f4xx_hal_msp.o
LOAD build/usbh_cdc.o
LOAD build/stm32f4xx_hal_dma.o
LOAD build/stm32f4xx_hal_hcd.o
LOAD build/usbh_ctlreq.o
LOAD build/stm32f4xx_hal_pwr_ex.o
LOAD build/main.o
LOAD build/stm32f4xx_hal_flash_ramfunc.o
LOAD build/fatfs.o
LOAD build/usbh_hid.o
LOAD build/usbh_hid_parser.o
LOAD build/stm32f4xx_hal_dma_ex.o
LOAD build/stm32f4xx_hal_cortex.o
LOAD build/sd_diskio.o
LOAD build/stm32f4xx_it.o
LOAD build/usbh_mtp.o
LOAD build/usbh_msc.o
LOAD build/stm32f4xx_ll_sdmmc.o
LOAD build/stm32f4xx_hal_rcc.o
LOAD build/usbh_conf.o
LOAD build/usbh_audio.o
LOAD build/stm32f4xx_hal_rcc_ex.o
LOAD build/stm32f4xx_hal_gpio.o
LOAD build/system_stm32f4xx.o
LOAD build/stm32f4xx_hal.o
LOAD build/diskio.o
LOAD build/usbh_msc_scsi.o
LOAD build/usbh_hid_mouse.o
LOAD build/usbh_msc_bot.o
LOAD build/stm32f4xx_ll_usb.o
LOAD build/usbh_mtp_ptp.o
LOAD build/usbh_core.o
LOAD build/usb_host.o
LOAD build/usbh_diskio.o
LOAD build/ff.o
LOAD build/usbh_hid_keybd.o
LOAD build/stm32f4xx_hal_flash_ex.o
LOAD build/usbh_ioreq.o
LOAD build/stm32f4xx_hal_pwr.o
LOAD build/startup_stm32f407xx.o
LOAD /home/ada/Downloads/gcc-arm-none-eabi-5_4-2016q3/bin/../lib/gcc/arm-none-eabi/5.4.1/../../../../arm-none-eabi/lib/armv7e-m/fpu/libc_nano.a
LOAD /home/ada/Downloads/gcc-arm-none-eabi-5_4-2016q3/bin/../lib/gcc/arm-none-eabi/5.4.1/../../../../arm-none-eabi/lib/armv7e-m/fpu/libm.a
LOAD /home/ada/Downloads/gcc-arm-none-eabi-5_4-2016q3/bin/../lib/gcc/arm-none-eabi/5.4.1/../../../../arm-none-eabi/lib/armv7e-m/fpu/libnosys.a
START GROUP
LOAD /home/ada/Downloads/gcc-arm-none-eabi-5_4-2016q3/bin/../lib/gcc/arm-none-eabi/5.4.1/armv7e-m/fpu/libgcc.a
LOAD /home/ada/Downloads/gcc-arm-none-eabi-5_4-2016q3/bin/../lib/gcc/arm-none-eabi/5.4.1/../../../../arm-none-eabi/lib/armv7e-m/fpu/libc_nano.a
END GROUP
START GROUP
LOAD /home/ada/Downloads/gcc-arm-none-eabi-5_4-2016q3/bin/../lib/gcc/arm-none-eabi/5.4.1/armv7e-m/fpu/libgcc.a
LOAD /home/ada/Downloads/gcc-arm-none-eabi-5_4-2016q3/bin/../lib/gcc/arm-none-eabi/5.4.1/../../../../arm-none-eabi/lib/armv7e-m/fpu/libc_nano.a
END GROUP
LOAD /home/ada/Downloads/gcc-arm-none-eabi-5_4-2016q3/bin/../lib/gcc/arm-none-eabi/5.4.1/armv7e-m/fpu/crtend.o
LOAD /home/ada/Downloads/gcc-arm-none-eabi-5_4-2016q3/bin/../lib/gcc/arm-none-eabi/5.4.1/armv7e-m/fpu/crtn.o
                0x20020000                _estack = 0x20020000
                0x00000200                _Min_Heap_Size = 0x200
                0x00000400                _Min_Stack_Size = 0x400

.isr_vector     0x08000000      0x188
                0x08000000                . = ALIGN (0x4)
 *(.isr_vector)
 .isr_vector    0x08000000      0x188 build/startup_stm32f407xx.o
                0x08000000                g_pfnVectors
                0x08000188                . = ALIGN (0x4)

.text           0x08000188     0x8b80
                0x08000188                . = ALIGN (0x4)
 *(.text)
 .text          0x08000188       0x5c /home/ada/Downloads/gcc-arm-none-eabi-5_4-2016q3/bin/../lib/gcc/arm-none-eabi/5.4.1/armv7e-m/fpu/crtbegin.o
 .text          0x080001e4       0x30 /home/ada/Downloads/gcc-arm-none-eabi-5_4-2016q3/bin/../lib/gcc/arm-none-eabi/5.4.1/armv7e-m/fpu/libgcc.a(_aeabi_uldivmod.o)
                0x080001e4                __aeabi_uldivmod
 .text          0x08000214      0x2e4 /home/ada/Downloads/gcc-arm-none-eabi-5_4-2016q3/bin/../lib/gcc/arm-none-eabi/5.4.1/armv7e-m/fpu/libgcc.a(_udivmoddi4.o)
                0x08000214                __udivmoddi4
 .text          0x080004f8        0x4 /home/ada/Downloads/gcc-arm-none-eabi-5_4-2016q3/bin/../lib/gcc/arm-none-eabi/5.4.1/armv7e-m/fpu/libgcc.a(_dvmd_tls.o)
                0x080004f8                __aeabi_ldiv0
                0x080004f8                __aeabi_idiv0
 *(.text*)
 .text.USBH_GetFreePipe
                0x080004fc       0x28 build/usbh_pipes.o
 .text.USBH_OpenPipe
                0x08000524       0x20 build/usbh_pipes.o
                0x08000524                USBH_OpenPipe
 .text.USBH_ClosePipe
                0x08000544        0xc build/usbh_pipes.o
                0x08000544                USBH_ClosePipe
 .text.USBH_AllocPipe
                0x08000550       0x24 build/usbh_pipes.o
                0x08000550                USBH_AllocPipe
 .text.USBH_FreePipe
                0x08000574       0x18 build/usbh_pipes.o
                0x08000574                USBH_FreePipe
 .text.FATFS_LinkDriverEx
                0x0800058c       0x4c build/ff_gen_drv.o
                0x0800058c                FATFS_LinkDriverEx
 .text.FATFS_LinkDriver
                0x080005d8        0xc build/ff_gen_drv.o
                0x080005d8                FATFS_LinkDriver
 .text.FATFS_UnLinkDriverEx
                0x080005e4       0x40 build/ff_gen_drv.o
                0x080005e4                FATFS_UnLinkDriverEx
 .text.FATFS_UnLinkDriver
                0x08000624        0xc build/ff_gen_drv.o
                0x08000624                FATFS_UnLinkDriver
 .text.SD_DMATransmitCplt
                0x08000630       0x10 build/stm32f4xx_hal_sd.o
 .text.SD_SendStatus
                0x08000640       0x2c build/stm32f4xx_hal_sd.o
 .text.HAL_SD_ReadBlocks_DMA
                0x0800066c      0x10c build/stm32f4xx_hal_sd.o
                0x0800066c                HAL_SD_ReadBlocks_DMA
 .text.HAL_SD_WriteBlocks_DMA
                0x08000778      0x118 build/stm32f4xx_hal_sd.o
                0x08000778                HAL_SD_WriteBlocks_DMA
 .text.HAL_SD_RxCpltCallback
                0x08000890        0x4 build/stm32f4xx_hal_sd.o
                0x08000890                HAL_SD_RxCpltCallback
 .text.HAL_SD_ErrorCallback
                0x08000894        0x4 build/stm32f4xx_hal_sd.o
                0x08000894                HAL_SD_ErrorCallback
 .text.SD_DMAReceiveCplt
                0x08000898       0x40 build/stm32f4xx_hal_sd.o
 .text.HAL_SD_GetCardInfo
                0x080008d8       0x24 build/stm32f4xx_hal_sd.o
                0x080008d8                HAL_SD_GetCardInfo
 .text.HAL_SD_GetCardState
                0x080008fc       0x28 build/stm32f4xx_hal_sd.o
                0x080008fc                HAL_SD_GetCardState
 .text.SD_DMAError
                0x08000924       0x58 build/stm32f4xx_hal_sd.o
 .text.BSP_SD_ReadBlocks_DMA
                0x0800097c       0x18 build/bsp_driver_sd.o
                0x0800097c                BSP_SD_ReadBlocks_DMA
 .text.BSP_SD_WriteBlocks_DMA
                0x08000994       0x18 build/bsp_driver_sd.o
                0x08000994                BSP_SD_WriteBlocks_DMA
 .text.BSP_SD_GetCardState
                0x080009ac       0x14 build/bsp_driver_sd.o
                0x080009ac                BSP_SD_GetCardState
 .text.BSP_SD_GetCardInfo
                0x080009c0       0x10 build/bsp_driver_sd.o
                0x080009c0                BSP_SD_GetCardInfo
 .text.HAL_MspInit
                0x080009d0       0x60 build/stm32f4xx_hal_msp.o
                0x080009d0                HAL_MspInit
 .text.USBH_CDC_SOFProcess
                0x08000a30        0x4 build/usbh_cdc.o
 .text.SetLineCoding
                0x08000a34       0x1c build/usbh_cdc.o
 .text.GetLineCoding
                0x08000a50       0x1c build/usbh_cdc.o
 .text.USBH_CDC_ClassRequest
                0x08000a6c       0x24 build/usbh_cdc.o
 .text.USBH_CDC_InterfaceDeInit
                0x08000a90       0x64 build/usbh_cdc.o
 .text.USBH_CDC_InterfaceInit
                0x08000af4      0x160 build/usbh_cdc.o
 .text.USBH_CDC_TransmitCallback
                0x08000c54        0x4 build/usbh_cdc.o
                0x08000c54                USBH_CDC_TransmitCallback
 .text.CDC_ProcessTransmission
                0x08000c58       0x94 build/usbh_cdc.o
 .text.USBH_CDC_ReceiveCallback
                0x08000cec        0x4 build/usbh_cdc.o
                0x08000cec                USBH_CDC_ReceiveCallback
 .text.CDC_ProcessReception
                0x08000cf0       0x6c build/usbh_cdc.o
 .text.USBH_CDC_LineCodingChanged
                0x08000d5c        0x4 build/usbh_cdc.o
                0x08000d5c                USBH_CDC_LineCodingChanged
 .text.USBH_CDC_Process
                0x08000d60       0xbc build/usbh_cdc.o
 .text.DMA_SetConfig
                0x08000e1c       0x2c build/stm32f4xx_hal_dma.o
 .text.HAL_DMA_Start_IT
                0x08000e48       0x74 build/stm32f4xx_hal_dma.o
                0x08000e48                HAL_DMA_Start_IT
 .text.HCD_RXQLVL_IRQHandler
                0x08000ebc       0x7c build/stm32f4xx_hal_hcd.o
 .text.HAL_HCD_HC_Init
                0x08000f38       0x74 build/stm32f4xx_hal_hcd.o
                0x08000f38                HAL_HCD_HC_Init
 .text.HAL_HCD_HC_Halt
                0x08000fac       0x24 build/stm32f4xx_hal_hcd.o
                0x08000fac                HAL_HCD_HC_Halt
 .text.HAL_HCD_Init
                0x08000fd0       0x7c build/stm32f4xx_hal_hcd.o
                0x08000fd0                HAL_HCD_Init
 .text.HAL_HCD_HC_SubmitRequest
                0x0800104c      0x1cc build/stm32f4xx_hal_hcd.o
                0x0800104c                HAL_HCD_HC_SubmitRequest
 .text.HCD_Port_IRQHandler
                0x08001218       0xc4 build/stm32f4xx_hal_hcd.o
 .text.HCD_HC_IN_IRQHandler
                0x080012dc      0x288 build/stm32f4xx_hal_hcd.o
 .text.HCD_HC_OUT_IRQHandler
                0x08001564      0x290 build/stm32f4xx_hal_hcd.o
 .text.HAL_HCD_IRQHandler
                0x080017f4      0x13c build/stm32f4xx_hal_hcd.o
                0x080017f4                HAL_HCD_IRQHandler
 .text.HAL_HCD_Start
                0x08001930       0x2c build/stm32f4xx_hal_hcd.o
                0x08001930                HAL_HCD_Start
 .text.HAL_HCD_Stop
                0x0800195c       0x24 build/stm32f4xx_hal_hcd.o
                0x0800195c                HAL_HCD_Stop
 .text.HAL_HCD_ResetPort
                0x08001980        0xc build/stm32f4xx_hal_hcd.o
                0x08001980                HAL_HCD_ResetPort
 .text.HAL_HCD_HC_GetURBState
                0x0800198c       0x10 build/stm32f4xx_hal_hcd.o
                0x0800198c                HAL_HCD_HC_GetURBState
 .text.HAL_HCD_HC_GetXferCount
                0x0800199c        0xc build/stm32f4xx_hal_hcd.o
                0x0800199c                HAL_HCD_HC_GetXferCount
 .text.HAL_HCD_GetCurrentFrame
                0x080019a8        0xc build/stm32f4xx_hal_hcd.o
                0x080019a8                HAL_HCD_GetCurrentFrame
 .text.HAL_HCD_GetCurrentSpeed
                0x080019b4        0xc build/stm32f4xx_hal_hcd.o
                0x080019b4                HAL_HCD_GetCurrentSpeed
 .text.USBH_ParseDevDesc
                0x080019c0       0x5c build/usbh_ctlreq.o
 .text.USBH_ParseInterfaceDesc
                0x08001a1c       0x28 build/usbh_ctlreq.o
 .text.USBH_ParseEPDesc
                0x08001a44       0x20 build/usbh_ctlreq.o
 .text.USBH_ParseStringDesc
                0x08001a64       0x34 build/usbh_ctlreq.o
 .text.USBH_HandleControl
                0x08001a98      0x1cc build/usbh_ctlreq.o
 .text.USBH_GetNextDesc
                0x08001c64       0x10 build/usbh_ctlreq.o
                0x08001c64                USBH_GetNextDesc
 .text.USBH_ParseCfgDesc
                0x08001c74       0xc8 build/usbh_ctlreq.o
 .text.USBH_CtlReq
                0x08001d3c       0x44 build/usbh_ctlreq.o
                0x08001d3c                USBH_CtlReq
 .text.USBH_GetDescriptor
                0x08001d80       0x3c build/usbh_ctlreq.o
                0x08001d80                USBH_GetDescriptor
 .text.USBH_Get_DevDesc
                0x08001dbc       0x30 build/usbh_ctlreq.o
                0x08001dbc                USBH_Get_DevDesc
 .text.USBH_Get_CfgDesc
                0x08001dec       0x30 build/usbh_ctlreq.o
                0x08001dec                USBH_Get_CfgDesc
 .text.USBH_Get_StringDesc
                0x08001e1c       0x30 build/usbh_ctlreq.o
                0x08001e1c                USBH_Get_StringDesc
 .text.USBH_SetAddress
                0x08001e4c       0x20 build/usbh_ctlreq.o
                0x08001e4c                USBH_SetAddress
 .text.USBH_SetCfg
                0x08001e6c       0x20 build/usbh_ctlreq.o
                0x08001e6c                USBH_SetCfg
 .text.USBH_SetInterface
                0x08001e8c       0x20 build/usbh_ctlreq.o
                0x08001e8c                USBH_SetInterface
 .text.USBH_ClrFeature
                0x08001eac       0x24 build/usbh_ctlreq.o
                0x08001eac                USBH_ClrFeature
 .text.MX_SDIO_SD_Init
                0x08001ed0       0x20 build/main.o
 .text.MX_GPIO_Init
                0x08001ef0      0x14c build/main.o
 .text._Error_Handler
                0x0800203c        0x4 build/main.o
                0x0800203c                _Error_Handler
 .text.SystemClock_Config
                0x08002040       0xc0 build/main.o
                0x08002040                SystemClock_Config
 .text.main     0x08002100       0xf8 build/main.o
                0x08002100                main
 .text.MX_FATFS_Init
                0x080021f8       0x34 build/fatfs.o
                0x080021f8                MX_FATFS_Init
 .text.get_fattime
                0x0800222c        0x4 build/fatfs.o
                0x0800222c                get_fattime
 .text.USBH_HID_SOFProcess
                0x08002230       0x24 build/usbh_hid.o
 .text.USBH_HID_ParseHIDDesc
                0x08002254       0x2c build/usbh_hid.o
 .text.USBH_HID_InterfaceDeInit
                0x08002280       0x44 build/usbh_hid.o
 .text.USBH_HID_InterfaceInit
                0x080022c4      0x148 build/usbh_hid.o
 .text.USBH_HID_GetHIDReportDescriptor
                0x0800240c       0x1c build/usbh_hid.o
                0x0800240c                USBH_HID_GetHIDReportDescriptor
 .text.USBH_HID_GetHIDDescriptor
                0x08002428       0x1c build/usbh_hid.o
                0x08002428                USBH_HID_GetHIDDescriptor
 .text.USBH_HID_SetIdle
                0x08002444       0x20 build/usbh_hid.o
                0x08002444                USBH_HID_SetIdle
 .text.USBH_HID_GetReport
                0x08002464       0x24 build/usbh_hid.o
                0x08002464                USBH_HID_GetReport
 .text.USBH_HID_SetProtocol
                0x08002488       0x20 build/usbh_hid.o
                0x08002488                USBH_HID_SetProtocol
 .text.USBH_HID_ClassRequest
                0x080024a8       0x94 build/usbh_hid.o
 .text.fifo_init
                0x0800253c       0x10 build/usbh_hid.o
                0x0800253c                fifo_init
 .text.fifo_write
                0x0800254c       0x60 build/usbh_hid.o
                0x0800254c                fifo_write
 .text.USBH_HID_EventCallback
                0x080025ac        0x4 build/usbh_hid.o
                0x080025ac                USBH_HID_EventCallback
 .text.USBH_HID_Process
                0x080025b0       0xc0 build/usbh_hid.o
 .text.HAL_NVIC_SetPriorityGrouping
                0x08002670       0x24 build/stm32f4xx_hal_cortex.o
                0x08002670                HAL_NVIC_SetPriorityGrouping
 .text.HAL_NVIC_SetPriority
                0x08002694       0x64 build/stm32f4xx_hal_cortex.o
                0x08002694                HAL_NVIC_SetPriority
 .text.HAL_NVIC_EnableIRQ
                0x080026f8       0x18 build/stm32f4xx_hal_cortex.o
                0x080026f8                HAL_NVIC_EnableIRQ
 .text.HAL_SYSTICK_Config
                0x08002710       0x2c build/stm32f4xx_hal_cortex.o
                0x08002710                HAL_SYSTICK_Config
 .text.HAL_SYSTICK_CLKSourceConfig
                0x0800273c       0x20 build/stm32f4xx_hal_cortex.o
                0x0800273c                HAL_SYSTICK_CLKSourceConfig
 .text.HAL_SYSTICK_Callback
                0x0800275c        0x4 build/stm32f4xx_hal_cortex.o
                0x0800275c                HAL_SYSTICK_Callback
 .text.HAL_SYSTICK_IRQHandler
                0x08002760        0x8 build/stm32f4xx_hal_cortex.o
                0x08002760                HAL_SYSTICK_IRQHandler
 .text.SD_CheckStatus
                0x08002768       0x24 build/sd_diskio.o
 .text.SD_initialize
                0x0800278c        0x8 build/sd_diskio.o
                0x0800278c                SD_initialize
 .text.SD_status
                0x08002794        0x8 build/sd_diskio.o
                0x08002794                SD_status
 .text.SD_read  0x0800279c       0x6c build/sd_diskio.o
                0x0800279c                SD_read
 .text.SD_write
                0x08002808       0x6c build/sd_diskio.o
                0x08002808                SD_write
 .text.SD_ioctl
                0x08002874       0x58 build/sd_diskio.o
                0x08002874                SD_ioctl
 .text.SysTick_Handler
                0x080028cc        0xc build/stm32f4xx_it.o
                0x080028cc                SysTick_Handler
 .text.OTG_FS_IRQHandler
                0x080028d8       0x10 build/stm32f4xx_it.o
                0x080028d8                OTG_FS_IRQHandler
 .text.MTP_FindCtlEndpoint
                0x080028e8       0x78 build/usbh_mtp.o
 .text.MTP_FindDataOutEndpoint
                0x08002960       0x74 build/usbh_mtp.o
 .text.MTP_FindDataInEndpoint
                0x080029d4       0x74 build/usbh_mtp.o
 .text.USBH_MTP_ClassRequest
                0x08002a48        0x4 build/usbh_mtp.o
 .text.USBH_MTP_SOFProcess
                0x08002a4c        0x4 build/usbh_mtp.o
 .text.USBH_MTP_InterfaceDeInit
                0x08002a50       0x7c build/usbh_mtp.o
 .text.USBH_MTP_InterfaceInit
                0x08002acc      0x184 build/usbh_mtp.o
 .text.USBH_MTP_EventsCallback
                0x08002c50        0x4 build/usbh_mtp.o
                0x08002c50                USBH_MTP_EventsCallback
 .text.MTP_DecodeEvent
                0x08002c54       0x1c build/usbh_mtp.o
 .text.USBH_MTP_Events
                0x08002c70       0x9c build/usbh_mtp.o
 .text.USBH_MTP_Process
                0x08002d0c       0xe8 build/usbh_mtp.o
 .text.USBH_MSC_SOFProcess
                0x08002df4        0x4 build/usbh_msc.o
 .text.USBH_MSC_Process
                0x08002df8      0x2a8 build/usbh_msc.o
 .text.USBH_MSC_ClassRequest
                0x080030a0       0x64 build/usbh_msc.o
 .text.USBH_MSC_InterfaceDeInit
                0x08003104       0x4c build/usbh_msc.o
 .text.USBH_MSC_InterfaceInit
                0x08003150      0x130 build/usbh_msc.o
 .text.USBH_MSC_RdWrProcess
                0x08003280       0xf8 build/usbh_msc.o
 .text.USBH_MSC_UnitIsReady
                0x08003378       0x24 build/usbh_msc.o
                0x08003378                USBH_MSC_UnitIsReady
 .text.USBH_MSC_GetLUNInfo
                0x0800339c       0x44 build/usbh_msc.o
                0x0800339c                USBH_MSC_GetLUNInfo
 .text.USBH_MSC_Read
                0x080033e0       0x9c build/usbh_msc.o
                0x080033e0                USBH_MSC_Read
 .text.USBH_MSC_Write
                0x0800347c       0x9c build/usbh_msc.o
                0x0800347c                USBH_MSC_Write
 .text.SDIO_SendCommand
                0x08003518       0x28 build/stm32f4xx_ll_sdmmc.o
                0x08003518                SDIO_SendCommand
 .text.SDIO_GetCommandResponse
                0x08003540        0x8 build/stm32f4xx_ll_sdmmc.o
                0x08003540                SDIO_GetCommandResponse
 .text.SDIO_GetResponse
                0x08003548       0x14 build/stm32f4xx_ll_sdmmc.o
                0x08003548                SDIO_GetResponse
 .text.SDMMC_GetCmdResp1
                0x0800355c      0x154 build/stm32f4xx_ll_sdmmc.o
 .text.SDIO_ConfigData
                0x080036b0       0x24 build/stm32f4xx_ll_sdmmc.o
                0x080036b0                SDIO_ConfigData
 .text.SDMMC_CmdBlockLength
                0x080036d4       0x30 build/stm32f4xx_ll_sdmmc.o
                0x080036d4                SDMMC_CmdBlockLength
 .text.SDMMC_CmdReadSingleBlock
                0x08003704       0x30 build/stm32f4xx_ll_sdmmc.o
                0x08003704                SDMMC_CmdReadSingleBlock
 .text.SDMMC_CmdReadMultiBlock
                0x08003734       0x30 build/stm32f4xx_ll_sdmmc.o
                0x08003734                SDMMC_CmdReadMultiBlock
 .text.SDMMC_CmdWriteSingleBlock
                0x08003764       0x30 build/stm32f4xx_ll_sdmmc.o
                0x08003764                SDMMC_CmdWriteSingleBlock
 .text.SDMMC_CmdWriteMultiBlock
                0x08003794       0x30 build/stm32f4xx_ll_sdmmc.o
                0x08003794                SDMMC_CmdWriteMultiBlock
 .text.SDMMC_CmdStopTransfer
                0x080037c4       0x34 build/stm32f4xx_ll_sdmmc.o
                0x080037c4                SDMMC_CmdStopTransfer
 .text.SDMMC_CmdSendStatus
                0x080037f8       0x30 build/stm32f4xx_ll_sdmmc.o
                0x080037f8                SDMMC_CmdSendStatus
 .text.HAL_RCC_OscConfig
                0x08003828      0x3a0 build/stm32f4xx_hal_rcc.o
                0x08003828                HAL_RCC_OscConfig
 .text.HAL_RCC_GetSysClockFreq
                0x08003bc8       0xcc build/stm32f4xx_hal_rcc.o
                0x08003bc8                HAL_RCC_GetSysClockFreq
 .text.HAL_RCC_ClockConfig
                0x08003c94      0x160 build/stm32f4xx_hal_rcc.o
                0x08003c94                HAL_RCC_ClockConfig
 .text.HAL_RCC_GetHCLKFreq
                0x08003df4        0xc build/stm32f4xx_hal_rcc.o
                0x08003df4                HAL_RCC_GetHCLKFreq
 .text.HAL_HCD_MspInit
                0x08003e00       0x68 build/usbh_conf.o
                0x08003e00                HAL_HCD_MspInit
 .text.HAL_HCD_SOF_Callback
                0x08003e68        0xc build/usbh_conf.o
                0x08003e68                HAL_HCD_SOF_Callback
 .text.HAL_HCD_Connect_Callback
                0x08003e74        0xc build/usbh_conf.o
                0x08003e74                HAL_HCD_Connect_Callback
 .text.HAL_HCD_Disconnect_Callback
                0x08003e80        0xc build/usbh_conf.o
                0x08003e80                HAL_HCD_Disconnect_Callback
 .text.HAL_HCD_HC_NotifyURBChange_Callback
                0x08003e8c        0x4 build/usbh_conf.o
                0x08003e8c                HAL_HCD_HC_NotifyURBChange_Callback
 .text.USBH_LL_Init
                0x08003e90       0x5c build/usbh_conf.o
                0x08003e90                USBH_LL_Init
 .text.USBH_LL_Start
                0x08003eec       0x20 build/usbh_conf.o
                0x08003eec                USBH_LL_Start
 .text.USBH_LL_Stop
                0x08003f0c       0x20 build/usbh_conf.o
                0x08003f0c                USBH_LL_Stop
 .text.USBH_LL_GetSpeed
                0x08003f2c       0x20 build/usbh_conf.o
                0x08003f2c                USBH_LL_GetSpeed
 .text.USBH_LL_ResetPort
                0x08003f4c       0x20 build/usbh_conf.o
                0x08003f4c                USBH_LL_ResetPort
 .text.USBH_LL_GetLastXferSize
                0x08003f6c        0xc build/usbh_conf.o
                0x08003f6c                USBH_LL_GetLastXferSize
 .text.USBH_LL_OpenPipe
                0x08003f78       0x34 build/usbh_conf.o
                0x08003f78                USBH_LL_OpenPipe
 .text.USBH_LL_ClosePipe
                0x08003fac       0x20 build/usbh_conf.o
                0x08003fac                USBH_LL_ClosePipe
 .text.USBH_LL_SubmitURB
                0x08003fcc       0x38 build/usbh_conf.o
                0x08003fcc                USBH_LL_SubmitURB
 .text.USBH_LL_GetURBState
                0x08004004        0xc build/usbh_conf.o
                0x08004004                USBH_LL_GetURBState
 .text.USBH_LL_DriverVBUS
                0x08004010        0xc build/usbh_conf.o
                0x08004010                USBH_LL_DriverVBUS
 .text.USBH_LL_SetToggle
                0x0800401c       0x34 build/usbh_conf.o
                0x0800401c                USBH_LL_SetToggle
 .text.USBH_LL_GetToggle
                0x08004050       0x2c build/usbh_conf.o
                0x08004050                USBH_LL_GetToggle
 .text.USBH_Delay
                0x0800407c        0x8 build/usbh_conf.o
                0x0800407c                USBH_Delay
 .text.USBH_AUDIO_SOFProcess
                0x08004084        0x4 build/usbh_audio.o
 .text.USBH_AUDIO_FindAudioStreamingIN
                0x08004088       0x90 build/usbh_audio.o
 .text.USBH_AUDIO_FindAudioStreamingOUT
                0x08004118       0x9c build/usbh_audio.o
 .text.ParseCSDescriptors
                0x080041b4       0xb0 build/usbh_audio.o
 .text.USBH_AUDIO_FindLinkedUnit
                0x08004264       0xd8 build/usbh_audio.o
 .text.USBH_AUDIO_BuildMicrophonePath
                0x0800433c       0x84 build/usbh_audio.o
 .text.USBH_AUDIO_BuildHeadphonePath
                0x080043c0       0xcc build/usbh_audio.o
 .text.USBH_AUDIO_SetEndpointControls
                0x0800448c       0x20 build/usbh_audio.o
 .text.USBH_AC_SetCur
                0x080044ac       0x58 build/usbh_audio.o
 .text.AUDIO_SetVolume
                0x08004504       0x20 build/usbh_audio.o
 .text.USBH_AUDIO_SetControlAttribute
                0x08004524       0x94 build/usbh_audio.o
 .text.USBH_AC_GetCur
                0x080045b8       0x74 build/usbh_audio.o
 .text.USBH_AC_GetMin
                0x0800462c       0x74 build/usbh_audio.o
 .text.USBH_AC_GetMax
                0x080046a0       0x74 build/usbh_audio.o
 .text.USBH_AC_GetRes
                0x08004714       0x74 build/usbh_audio.o
 .text.USBH_AUDIO_CSRequest
                0x08004788       0xf4 build/usbh_audio.o
 .text.USBH_AUDIO_HandleCSRequest
                0x0800487c       0x44 build/usbh_audio.o
 .text.USBH_AUDIO_Control
                0x080048c0       0xd4 build/usbh_audio.o
 .text.USBH_AUDIO_ClassRequest
                0x08004994      0x104 build/usbh_audio.o
 .text.USBH_AUDIO_InterfaceDeInit
                0x08004a98       0x74 build/usbh_audio.o
 .text.USBH_AUDIO_FindHIDControl
                0x08004b0c       0x84 build/usbh_audio.o
 .text.USBH_AUDIO_ParseCSDescriptors
                0x08004b90       0x8c build/usbh_audio.o
 .text.USBH_AUDIO_InterfaceInit
                0x08004c1c      0x214 build/usbh_audio.o
 .text.USBH_AUDIO_FrequencySet
                0x08004e30        0x4 build/usbh_audio.o
                0x08004e30                USBH_AUDIO_FrequencySet
 .text.USBH_AUDIO_BufferEmptyCallback
                0x08004e34        0x4 build/usbh_audio.o
                0x08004e34                USBH_AUDIO_BufferEmptyCallback
 .text.USBH_AUDIO_Transmit
                0x08004e38       0xe0 build/usbh_audio.o
 .text.USBH_AUDIO_OutputStream
                0x08004f18       0x8c build/usbh_audio.o
 .text.USBH_AUDIO_Process
                0x08004fa4       0x18 build/usbh_audio.o
 .text.HAL_GPIO_Init
                0x08004fbc      0x1c0 build/stm32f4xx_hal_gpio.o
                0x08004fbc                HAL_GPIO_Init
 .text.HAL_GPIO_WritePin
                0x0800517c        0xc build/stm32f4xx_hal_gpio.o
                0x0800517c                HAL_GPIO_WritePin
 .text.SystemInit
                0x08005188       0x4c build/system_stm32f4xx.o
                0x08005188                SystemInit
 .text.HAL_InitTick
                0x080051d4       0x2c build/stm32f4xx_hal.o
                0x080051d4                HAL_InitTick
 .text.HAL_Init
                0x08005200       0x34 build/stm32f4xx_hal.o
                0x08005200                HAL_Init
 .text.HAL_IncTick
                0x08005234       0x10 build/stm32f4xx_hal.o
                0x08005234                HAL_IncTick
 .text.HAL_GetTick
                0x08005244        0xc build/stm32f4xx_hal.o
                0x08005244                HAL_GetTick
 .text.HAL_Delay
                0x08005250       0x24 build/stm32f4xx_hal.o
                0x08005250                HAL_Delay
 .text.disk_status
                0x08005274       0x18 build/diskio.o
                0x08005274                disk_status
 .text.disk_initialize
                0x0800528c       0x28 build/diskio.o
                0x0800528c                disk_initialize
 .text.disk_read
                0x080052b4       0x18 build/diskio.o
                0x080052b4                disk_read
 .text.disk_write
                0x080052cc       0x18 build/diskio.o
                0x080052cc                disk_write
 .text.disk_ioctl
                0x080052e4       0x18 build/diskio.o
                0x080052e4                disk_ioctl
 .text.USBH_MSC_SCSI_TestUnitReady
                0x080052fc       0x50 build/usbh_msc_scsi.o
                0x080052fc                USBH_MSC_SCSI_TestUnitReady
 .text.USBH_MSC_SCSI_ReadCapacity
                0x0800534c       0x90 build/usbh_msc_scsi.o
                0x0800534c                USBH_MSC_SCSI_ReadCapacity
 .text.USBH_MSC_SCSI_Inquiry
                0x080053dc       0xd0 build/usbh_msc_scsi.o
                0x080053dc                USBH_MSC_SCSI_Inquiry
 .text.USBH_MSC_SCSI_RequestSense
                0x080054ac       0x94 build/usbh_msc_scsi.o
                0x080054ac                USBH_MSC_SCSI_RequestSense
 .text.USBH_MSC_SCSI_Write
                0x08005540       0x90 build/usbh_msc_scsi.o
                0x08005540                USBH_MSC_SCSI_Write
 .text.USBH_MSC_SCSI_Read
                0x080055d0       0x94 build/usbh_msc_scsi.o
                0x080055d0                USBH_MSC_SCSI_Read
 .text.USBH_HID_MouseInit
                0x08005664       0x44 build/usbh_hid_mouse.o
                0x08005664                USBH_HID_MouseInit
 .text.USBH_MSC_DecodeCSW
                0x080056a8       0x50 build/usbh_msc_bot.o
 .text.USBH_MSC_BOT_Abort
                0x080056f8       0x24 build/usbh_msc_bot.o
 .text.USBH_MSC_BOT_REQ_Reset
                0x0800571c       0x1c build/usbh_msc_bot.o
                0x0800571c                USBH_MSC_BOT_REQ_Reset
 .text.USBH_MSC_BOT_REQ_GetMaxLUN
                0x08005738       0x1c build/usbh_msc_bot.o
                0x08005738                USBH_MSC_BOT_REQ_GetMaxLUN
 .text.USBH_MSC_BOT_Init
                0x08005754       0x24 build/usbh_msc_bot.o
                0x08005754                USBH_MSC_BOT_Init
 .text.USBH_MSC_BOT_Process
                0x08005778      0x268 build/usbh_msc_bot.o
                0x08005778                USBH_MSC_BOT_Process
 .text.USB_CoreInit
                0x080059e0       0x78 build/stm32f4xx_ll_usb.o
                0x080059e0                USB_CoreInit
 .text.USB_EnableGlobalInt
                0x08005a58        0xc build/stm32f4xx_ll_usb.o
                0x08005a58                USB_EnableGlobalInt
 .text.USB_DisableGlobalInt
                0x08005a64        0xc build/stm32f4xx_ll_usb.o
                0x08005a64                USB_DisableGlobalInt
 .text.USB_SetCurrentMode
                0x08005a70       0x2c build/stm32f4xx_ll_usb.o
                0x08005a70                USB_SetCurrentMode
 .text.USB_FlushTxFifo
                0x08005a9c       0x28 build/stm32f4xx_ll_usb.o
                0x08005a9c                USB_FlushTxFifo
 .text.USB_FlushRxFifo
                0x08005ac4       0x24 build/stm32f4xx_ll_usb.o
                0x08005ac4                USB_FlushRxFifo
 .text.USB_WritePacket
                0x08005ae8       0x2c build/stm32f4xx_ll_usb.o
                0x08005ae8                USB_WritePacket
 .text.USB_ReadPacket
                0x08005b14       0x24 build/stm32f4xx_ll_usb.o
                0x08005b14                USB_ReadPacket
 .text.USB_ReadInterrupts
                0x08005b38        0x8 build/stm32f4xx_ll_usb.o
                0x08005b38                USB_ReadInterrupts
 .text.USB_GetMode
                0x08005b40        0x8 build/stm32f4xx_ll_usb.o
                0x08005b40                USB_GetMode
 .text.USB_CoreReset
                0x08005b48       0x3c build/stm32f4xx_ll_usb.o
 .text.USB_HostInit
                0x08005b84       0xec build/stm32f4xx_ll_usb.o
                0x08005b84                USB_HostInit
 .text.USB_InitFSLSPClkSel
                0x08005c70       0x40 build/stm32f4xx_ll_usb.o
                0x08005c70                USB_InitFSLSPClkSel
 .text.USB_ResetPort
                0x08005cb0       0x34 build/stm32f4xx_ll_usb.o
                0x08005cb0                USB_ResetPort
 .text.USB_DriveVbus
                0x08005ce4       0x40 build/stm32f4xx_ll_usb.o
                0x08005ce4                USB_DriveVbus
 .text.USB_GetHostSpeed
                0x08005d24       0x14 build/stm32f4xx_ll_usb.o
                0x08005d24                USB_GetHostSpeed
 .text.USB_GetCurrentFrame
                0x08005d38        0xc build/stm32f4xx_ll_usb.o
                0x08005d38                USB_GetCurrentFrame
 .text.USB_HC_Init
                0x08005d44       0xe8 build/stm32f4xx_ll_usb.o
                0x08005d44                USB_HC_Init
 .text.USB_HC_StartXfer
                0x08005e2c      0x27c build/stm32f4xx_ll_usb.o
                0x08005e2c                USB_HC_StartXfer
 .text.USB_HC_ReadInterrupt
                0x080060a8       0x20 build/stm32f4xx_ll_usb.o
                0x080060a8                USB_HC_ReadInterrupt
 .text.USB_HC_Halt
                0x080060c8      0x1c8 build/stm32f4xx_ll_usb.o
                0x080060c8                USB_HC_Halt
 .text.USB_DoPing
                0x08006290       0x78 build/stm32f4xx_ll_usb.o
                0x08006290                USB_DoPing
 .text.USB_StopHost
                0x08006308      0x104 build/stm32f4xx_ll_usb.o
                0x08006308                USB_StopHost
 .text.PTP_GetString
                0x0800640c       0x28 build/usbh_mtp_ptp.o
 .text.PTP_GetStorageInfo
                0x08006434      0x1b0 build/usbh_mtp_ptp.o
 .text.PTP_GetArray16
                0x080065e4       0x40 build/usbh_mtp_ptp.o
 .text.PTP_DecodeDeviceInfo
                0x08006624      0x168 build/usbh_mtp_ptp.o
 .text.PTP_GetArray32
                0x0800678c       0x50 build/usbh_mtp_ptp.o
 .text.PTP_GetStorageIDs
                0x080067dc       0x1c build/usbh_mtp_ptp.o
 .text.PTP_BufferFullCallback
                0x080067f8       0x84 build/usbh_mtp_ptp.o
 .text.USBH_PTP_Init
                0x0800687c       0x18 build/usbh_mtp_ptp.o
                0x0800687c                USBH_PTP_Init
 .text.USBH_PTP_SendRequest
                0x08006894       0x68 build/usbh_mtp_ptp.o
                0x08006894                USBH_PTP_SendRequest
 .text.USBH_PTP_GetResponse
                0x080068fc       0x4c build/usbh_mtp_ptp.o
                0x080068fc                USBH_PTP_GetResponse
 .text.USBH_PTP_Process
                0x08006948      0x308 build/usbh_mtp_ptp.o
                0x08006948                USBH_PTP_Process
 .text.USBH_PTP_OpenSession
                0x08006c50       0x68 build/usbh_mtp_ptp.o
                0x08006c50                USBH_PTP_OpenSession
 .text.USBH_PTP_GetDeviceInfo
                0x08006cb8       0x9c build/usbh_mtp_ptp.o
                0x08006cb8                USBH_PTP_GetDeviceInfo
 .text.USBH_PTP_GetStorageIds
                0x08006d54       0x9c build/usbh_mtp_ptp.o
                0x08006d54                USBH_PTP_GetStorageIds
 .text.USBH_PTP_GetStorageInfo
                0x08006df0       0xa0 build/usbh_mtp_ptp.o
                0x08006df0                USBH_PTP_GetStorageInfo
 .text.DeInitStateMachine
                0x08006e90       0x4c build/usbh_core.o
 .text.USBH_HandleSof
                0x08006edc       0x18 build/usbh_core.o
 .text.USBH_HandleEnum
                0x08006ef4      0x174 build/usbh_core.o
 .text.USBH_Init
                0x08007068       0x30 build/usbh_core.o
                0x08007068                USBH_Init
 .text.USBH_RegisterClass
                0x08007098       0x28 build/usbh_core.o
                0x08007098                USBH_RegisterClass
 .text.USBH_SelectInterface
                0x080070c0       0x14 build/usbh_core.o
                0x080070c0                USBH_SelectInterface
 .text.USBH_FindInterface
                0x080070d4       0x50 build/usbh_core.o
                0x080070d4                USBH_FindInterface
 .text.USBH_FindInterfaceIndex
                0x08007124       0x38 build/usbh_core.o
                0x08007124                USBH_FindInterfaceIndex
 .text.USBH_Start
                0x0800715c       0x14 build/usbh_core.o
                0x0800715c                USBH_Start
 .text.USBH_Process
                0x08007170      0x198 build/usbh_core.o
                0x08007170                USBH_Process
 .text.USBH_LL_SetTimer
                0x08007308        0x8 build/usbh_core.o
                0x08007308                USBH_LL_SetTimer
 .text.USBH_LL_IncTimer
                0x08007310       0x14 build/usbh_core.o
                0x08007310                USBH_LL_IncTimer
 .text.USBH_LL_Connect
                0x08007324       0x2c build/usbh_core.o
                0x08007324                USBH_LL_Connect
 .text.USBH_LL_Disconnect
                0x08007350       0x38 build/usbh_core.o
                0x08007350                USBH_LL_Disconnect
 .text.USBH_UserProcess
                0x08007388       0x2c build/usb_host.o
 .text.MX_USB_HOST_Init
                0x080073b4       0x5c build/usb_host.o
                0x080073b4                MX_USB_HOST_Init
 .text.MX_USB_HOST_Process
                0x08007410       0x10 build/usb_host.o
                0x08007410                MX_USB_HOST_Process
 .text.USBH_initialize
                0x08007420        0x4 build/usbh_diskio.o
                0x08007420                USBH_initialize
 .text.USBH_status
                0x08007424       0x18 build/usbh_diskio.o
                0x08007424                USBH_status
 .text.USBH_read
                0x0800743c       0x40 build/usbh_diskio.o
                0x0800743c                USBH_read
 .text.USBH_ioctl
                0x0800747c       0x68 build/usbh_diskio.o
                0x0800747c                USBH_ioctl
 .text.USBH_write
                0x080074e4       0x50 build/usbh_diskio.o
                0x080074e4                USBH_write
 .text.ld_word  0x08007534        0xc build/ff.o
 .text.ld_dword
                0x08007540       0x18 build/ff.o
 .text.st_word  0x08007558        0x8 build/ff.o
 .text.st_dword
                0x08007560       0x14 build/ff.o
 .text.mem_cpy  0x08007574       0x14 build/ff.o
 .text.mem_set  0x08007588        0xc build/ff.o
 .text.mem_cmp  0x08007594       0x20 build/ff.o
 .text.chk_chr  0x080075b4       0x10 build/ff.o
 .text.chk_lock
                0x080075c4       0x74 build/ff.o
 .text.enq_lock
                0x08007638       0x20 build/ff.o
 .text.inc_lock
                0x08007658       0xa4 build/ff.o
 .text.dec_lock
                0x080076fc       0x3c build/ff.o
 .text.clear_lock
                0x08007738       0x28 build/ff.o
 .text.clust2sect
                0x08007760       0x18 build/ff.o
 .text.clmt_clust
                0x08007778       0x28 build/ff.o
 .text.ld_clust
                0x080077a0       0x24 build/ff.o
 .text.st_clust
                0x080077c4       0x24 build/ff.o
 .text.create_name
                0x080077e8       0xd4 build/ff.o
 .text.get_ldnumber
                0x080078bc       0x58 build/ff.o
 .text.validate
                0x08007914       0x34 build/ff.o
 .text.sync_window
                0x08007948       0x54 build/ff.o
 .text.move_window
                0x0800799c       0x34 build/ff.o
 .text.check_fs
                0x080079d0       0x7c build/ff.o
 .text.find_volume
                0x08007a4c      0x2dc build/ff.o
 .text.put_fat  0x08007d28      0x108 build/ff.o
 .text.get_fat  0x08007e30       0xd4 build/ff.o
 .text.dir_sdi  0x08007f04       0xb4 build/ff.o
 .text.create_chain
                0x08007fb8       0xd0 build/ff.o
 .text.remove_chain
                0x08008088       0x7c build/ff.o
 .text.dir_next
                0x08008104      0x124 build/ff.o
 .text.dir_find
                0x08008228       0x58 build/ff.o
 .text.follow_path
                0x08008280       0x90 build/ff.o
 .text.dir_alloc
                0x08008310       0x4c build/ff.o
 .text.dir_register
                0x0800835c       0x3c build/ff.o
 .text.sync_fs  0x08008398       0x8c build/ff.o
 .text.f_mount  0x08008424       0x60 build/ff.o
                0x08008424                f_mount
 .text.f_open   0x08008484      0x214 build/ff.o
                0x08008484                f_open
 .text.f_write  0x08008698      0x1b8 build/ff.o
                0x08008698                f_write
 .text.f_sync   0x08008850       0x9c build/ff.o
                0x08008850                f_sync
 .text.f_close  0x080088ec       0x30 build/ff.o
                0x080088ec                f_close
 .text.USBH_HID_KeybdInit
                0x0800891c       0x54 build/usbh_hid_keybd.o
                0x0800891c                USBH_HID_KeybdInit
 .text.USBH_CtlSendSetup
                0x08008970       0x24 build/usbh_ioreq.o
                0x08008970                USBH_CtlSendSetup
 .text.USBH_CtlSendData
                0x08008994       0x2c build/usbh_ioreq.o
                0x08008994                USBH_CtlSendData
 .text.USBH_CtlReceiveData
                0x080089c0       0x20 build/usbh_ioreq.o
                0x080089c0                USBH_CtlReceiveData
 .text.USBH_BulkSendData
                0x080089e0       0x2c build/usbh_ioreq.o
                0x080089e0                USBH_BulkSendData
 .text.USBH_BulkReceiveData
                0x08008a0c       0x20 build/usbh_ioreq.o
                0x08008a0c                USBH_BulkReceiveData
 .text.USBH_InterruptReceiveData
                0x08008a2c       0x20 build/usbh_ioreq.o
                0x08008a2c                USBH_InterruptReceiveData
 .text.USBH_IsocSendData
                0x08008a4c       0x24 build/usbh_ioreq.o
                0x08008a4c                USBH_IsocSendData
 .text.Reset_Handler
                0x08008a70       0x50 build/startup_stm32f407xx.o
                0x08008a70                Reset_Handler
 .text.Default_Handler
                0x08008ac0        0x2 build/startup_stm32f407xx.o
                0x08008ac0                RTC_Alarm_IRQHandler
                0x08008ac0                HASH_RNG_IRQHandler
                0x08008ac0                EXTI2_IRQHandler
                0x08008ac0                TIM8_CC_IRQHandler
                0x08008ac0                DebugMon_Handler
                0x08008ac0                TIM1_CC_IRQHandler
                0x08008ac0                DMA2_Stream5_IRQHandler
                0x08008ac0                HardFault_Handler
                0x08008ac0                DMA1_Stream5_IRQHandler
                0x08008ac0                PVD_IRQHandler
                0x08008ac0                SDIO_IRQHandler
                0x08008ac0                TAMP_STAMP_IRQHandler
                0x08008ac0                PendSV_Handler
                0x08008ac0                NMI_Handler
                0x08008ac0                CAN2_RX1_IRQHandler
                0x08008ac0                EXTI3_IRQHandler
                0x08008ac0                TIM8_TRG_COM_TIM14_IRQHandler
                0x08008ac0                TIM1_UP_TIM10_IRQHandler
                0x08008ac0                TIM8_UP_TIM13_IRQHandler
                0x08008ac0                I2C3_ER_IRQHandler
                0x08008ac0                EXTI0_IRQHandler
                0x08008ac0                I2C2_EV_IRQHandler
                0x08008ac0                DMA1_Stream2_IRQHandler
                0x08008ac0                CAN1_RX0_IRQHandler
                0x08008ac0                FPU_IRQHandler
                0x08008ac0                OTG_HS_WKUP_IRQHandler
                0x08008ac0                UsageFault_Handler
                0x08008ac0                CAN2_SCE_IRQHandler
                0x08008ac0                DMA2_Stream2_IRQHandler
                0x08008ac0                SPI1_IRQHandler
                0x08008ac0                TIM6_DAC_IRQHandler
                0x08008ac0                TIM1_BRK_TIM9_IRQHandler
                0x08008ac0                DCMI_IRQHandler
                0x08008ac0                CAN2_RX0_IRQHandler
                0x08008ac0                DMA2_Stream3_IRQHandler
                0x08008ac0                USART6_IRQHandler
                0x08008ac0                USART3_IRQHandler
                0x08008ac0                CAN1_RX1_IRQHandler
                0x08008ac0                UART5_IRQHandler
                0x08008ac0                DMA2_Stream0_IRQHandler
                0x08008ac0                TIM4_IRQHandler
                0x08008ac0                I2C1_EV_IRQHandler
                0x08008ac0                DMA1_Stream6_IRQHandler
                0x08008ac0                DMA1_Stream1_IRQHandler
                0x08008ac0                UART4_IRQHandler
                0x08008ac0                TIM3_IRQHandler
                0x08008ac0                RCC_IRQHandler
                0x08008ac0                TIM8_BRK_TIM12_IRQHandler
                0x08008ac0                Default_Handler
                0x08008ac0                EXTI15_10_IRQHandler
                0x08008ac0                ADC_IRQHandler
                0x08008ac0                DMA1_Stream7_IRQHandler
                0x08008ac0                TIM7_IRQHandler
                0x08008ac0                CAN2_TX_IRQHandler
                0x08008ac0                TIM5_IRQHandler
                0x08008ac0                DMA2_Stream7_IRQHandler
                0x08008ac0                I2C3_EV_IRQHandler
                0x08008ac0                EXTI9_5_IRQHandler
                0x08008ac0                RTC_WKUP_IRQHandler
                0x08008ac0                ETH_WKUP_IRQHandler
                0x08008ac0                SPI2_IRQHandler
                0x08008ac0                OTG_HS_EP1_IN_IRQHandler
                0x08008ac0                MemManage_Handler
                0x08008ac0                DMA1_Stream0_IRQHandler
                0x08008ac0                CAN1_TX_IRQHandler
                0x08008ac0                SVC_Handler
                0x08008ac0                EXTI4_IRQHandler
                0x08008ac0                FSMC_IRQHandler
                0x08008ac0                ETH_IRQHandler
                0x08008ac0                OTG_HS_EP1_OUT_IRQHandler
                0x08008ac0                WWDG_IRQHandler
                0x08008ac0                TIM2_IRQHandler
                0x08008ac0                OTG_FS_WKUP_IRQHandler
                0x08008ac0                TIM1_TRG_COM_TIM11_IRQHandler
                0x08008ac0                OTG_HS_IRQHandler
                0x08008ac0                EXTI1_IRQHandler
                0x08008ac0                USART2_IRQHandler
                0x08008ac0                I2C2_ER_IRQHandler
                0x08008ac0                DMA2_Stream1_IRQHandler
                0x08008ac0                CAN1_SCE_IRQHandler
                0x08008ac0                FLASH_IRQHandler
                0x08008ac0                DMA2_Stream4_IRQHandler
                0x08008ac0                BusFault_Handler
                0x08008ac0                USART1_IRQHandler
                0x08008ac0                SPI3_IRQHandler
                0x08008ac0                DMA1_Stream4_IRQHandler
                0x08008ac0                I2C1_ER_IRQHandler
                0x08008ac0                DMA2_Stream6_IRQHandler
                0x08008ac0                DMA1_Stream3_IRQHandler
 *fill*         0x08008ac2        0x2 
 .text.__libc_init_array
                0x08008ac4       0x4c /home/ada/Downloads/gcc-arm-none-eabi-5_4-2016q3/bin/../lib/gcc/arm-none-eabi/5.4.1/../../../../arm-none-eabi/lib/armv7e-m/fpu/libc_nano.a(lib_a-init.o)
                0x08008ac4                __libc_init_array
 .text.malloc   0x08008b10       0x10 /home/ada/Downloads/gcc-arm-none-eabi-5_4-2016q3/bin/../lib/gcc/arm-none-eabi/5.4.1/../../../../arm-none-eabi/lib/armv7e-m/fpu/libc_nano.a(lib_a-malloc.o)
                0x08008b10                malloc
 .text.free     0x08008b20       0x10 /home/ada/Downloads/gcc-arm-none-eabi-5_4-2016q3/bin/../lib/gcc/arm-none-eabi/5.4.1/../../../../arm-none-eabi/lib/armv7e-m/fpu/libc_nano.a(lib_a-malloc.o)
                0x08008b20                free
 .text.memcpy   0x08008b30       0x16 /home/ada/Downloads/gcc-arm-none-eabi-5_4-2016q3/bin/../lib/gcc/arm-none-eabi/5.4.1/../../../../arm-none-eabi/lib/armv7e-m/fpu/libc_nano.a(lib_a-memcpy-stub.o)
                0x08008b30                memcpy
 .text.memset   0x08008b46       0x10 /home/ada/Downloads/gcc-arm-none-eabi-5_4-2016q3/bin/../lib/gcc/arm-none-eabi/5.4.1/../../../../arm-none-eabi/lib/armv7e-m/fpu/libc_nano.a(lib_a-memset.o)
                0x08008b46                memset
 *fill*         0x08008b56        0x2 
 .text._free_r  0x08008b58       0x9c /home/ada/Downloads/gcc-arm-none-eabi-5_4-2016q3/bin/../lib/gcc/arm-none-eabi/5.4.1/../../../../arm-none-eabi/lib/armv7e-m/fpu/libc_nano.a(lib_a-nano-freer.o)
                0x08008b58                _free_r
 .text._malloc_r
                0x08008bf4       0xbc /home/ada/Downloads/gcc-arm-none-eabi-5_4-2016q3/bin/../lib/gcc/arm-none-eabi/5.4.1/../../../../arm-none-eabi/lib/armv7e-m/fpu/libc_nano.a(lib_a-nano-mallocr.o)
                0x08008bf4                _malloc_r
 .text._sbrk_r  0x08008cb0       0x20 /home/ada/Downloads/gcc-arm-none-eabi-5_4-2016q3/bin/../lib/gcc/arm-none-eabi/5.4.1/../../../../arm-none-eabi/lib/armv7e-m/fpu/libc_nano.a(lib_a-sbrkr.o)
                0x08008cb0                _sbrk_r
 .text.__malloc_lock
                0x08008cd0        0x2 /home/ada/Downloads/gcc-arm-none-eabi-5_4-2016q3/bin/../lib/gcc/arm-none-eabi/5.4.1/../../../../arm-none-eabi/lib/armv7e-m/fpu/libc_nano.a(lib_a-mlock.o)
                0x08008cd0                __malloc_lock
 .text.__malloc_unlock
                0x08008cd2        0x2 /home/ada/Downloads/gcc-arm-none-eabi-5_4-2016q3/bin/../lib/gcc/arm-none-eabi/5.4.1/../../../../arm-none-eabi/lib/armv7e-m/fpu/libc_nano.a(lib_a-mlock.o)
                0x08008cd2                __malloc_unlock
 .text._sbrk    0x08008cd4       0x1c /home/ada/Downloads/gcc-arm-none-eabi-5_4-2016q3/bin/../lib/gcc/arm-none-eabi/5.4.1/../../../../arm-none-eabi/lib/armv7e-m/fpu/libnosys.a(sbrk.o)
                0x08008cd4                _sbrk
 *(.glue_7)
 .glue_7        0x08008cf0        0x0 linker stubs
 *(.glue_7t)
 .glue_7t       0x08008cf0        0x0 linker stubs
 *(.eh_frame)
 .eh_frame      0x08008cf0        0x0 /home/ada/Downloads/gcc-arm-none-eabi-5_4-2016q3/bin/../lib/gcc/arm-none-eabi/5.4.1/armv7e-m/fpu/crtbegin.o
 *(.init)
 .init          0x08008cf0        0x4 /home/ada/Downloads/gcc-arm-none-eabi-5_4-2016q3/bin/../lib/gcc/arm-none-eabi/5.4.1/armv7e-m/fpu/crti.o
                0x08008cf0                _init
 .init          0x08008cf4        0x8 /home/ada/Downloads/gcc-arm-none-eabi-5_4-2016q3/bin/../lib/gcc/arm-none-eabi/5.4.1/armv7e-m/fpu/crtn.o
 *(.fini)
 .fini          0x08008cfc        0x4 /home/ada/Downloads/gcc-arm-none-eabi-5_4-2016q3/bin/../lib/gcc/arm-none-eabi/5.4.1/armv7e-m/fpu/crti.o
                0x08008cfc                _fini
 .fini          0x08008d00        0x8 /home/ada/Downloads/gcc-arm-none-eabi-5_4-2016q3/bin/../lib/gcc/arm-none-eabi/5.4.1/armv7e-m/fpu/crtn.o
                0x08008d08                . = ALIGN (0x4)
                0x08008d08                _etext = .

.vfp11_veneer   0x08008d08        0x0
 .vfp11_veneer  0x08008d08        0x0 linker stubs

.v4_bx          0x08008d08        0x0
 .v4_bx         0x08008d08        0x0 linker stubs

.iplt           0x08008d08        0x0
 .iplt          0x08008d08        0x0 /home/ada/Downloads/gcc-arm-none-eabi-5_4-2016q3/bin/../lib/gcc/arm-none-eabi/5.4.1/armv7e-m/fpu/crtbegin.o

.rodata         0x08008d08      0x154
                0x08008d08                . = ALIGN (0x4)
 *(.rodata)
 *(.rodata*)
 .rodata.str1.4
                0x08008d08        0x4 build/usbh_cdc.o
 .rodata.str1.4
                0x08008d0c       0x30 build/main.o
 .rodata.str1.4
                0x08008d3c        0x4 build/usbh_hid.o
 .rodata.SD_Driver
                0x08008d40       0x14 build/sd_diskio.o
                0x08008d40                SD_Driver
 .rodata.str1.4
                0x08008d54        0x4 build/usbh_mtp.o
 .rodata.str1.4
                0x08008d58        0x4 build/usbh_msc.o
 .rodata.str1.4
                0x08008d5c       0x10 build/usbh_conf.o
 .rodata.str1.4
                0x08008d6c        0x6 build/usbh_audio.o
 *fill*         0x08008d72        0x2 
 .rodata.AHBPrescTable
                0x08008d74       0x10 build/system_stm32f4xx.o
                0x08008d74                AHBPrescTable
 .rodata.USBH_Driver
                0x08008d84       0x14 build/usbh_diskio.o
                0x08008d84                USBH_Driver
 .rodata.ExCvt  0x08008d98       0x80 build/ff.o
 .rodata.str1.4
                0x08008e18       0x44 build/ff.o
                0x08008e5c                . = ALIGN (0x4)

.ARM.extab
 *(.ARM.extab* .gnu.linkonce.armextab.*)

.ARM            0x08008e5c        0x8
                0x08008e5c                __exidx_start = .
 *(.ARM.exidx*)
 .ARM.exidx     0x08008e5c        0x8 /home/ada/Downloads/gcc-arm-none-eabi-5_4-2016q3/bin/../lib/gcc/arm-none-eabi/5.4.1/armv7e-m/fpu/libgcc.a(_udivmoddi4.o)
                0x08008e64                __exidx_end = .

.rel.dyn        0x08008e64        0x0
 .rel.iplt      0x08008e64        0x0 /home/ada/Downloads/gcc-arm-none-eabi-5_4-2016q3/bin/../lib/gcc/arm-none-eabi/5.4.1/armv7e-m/fpu/crtbegin.o

.preinit_array  0x08008e64        0x0
                0x08008e64                PROVIDE (__preinit_array_start, .)
 *(.preinit_array*)
                0x08008e64                PROVIDE (__preinit_array_end, .)

.init_array     0x08008e64        0x4
                0x08008e64                PROVIDE (__init_array_start, .)
 *(SORT(.init_array.*))
 *(.init_array*)
 .init_array    0x08008e64        0x4 /home/ada/Downloads/gcc-arm-none-eabi-5_4-2016q3/bin/../lib/gcc/arm-none-eabi/5.4.1/armv7e-m/fpu/crtbegin.o
                0x08008e68                PROVIDE (__init_array_end, .)

.fini_array     0x08008e68        0x4
                [!provide]                PROVIDE (__fini_array_start, .)
 *(SORT(.fini_array.*))
 *(.fini_array*)
 .fini_array    0x08008e68        0x4 /home/ada/Downloads/gcc-arm-none-eabi-5_4-2016q3/bin/../lib/gcc/arm-none-eabi/5.4.1/armv7e-m/fpu/crtbegin.o
                [!provide]                PROVIDE (__fini_array_end, .)
                0x08008e6c                _sidata = LOADADDR (.data)

.data           0x20000000      0x10c load address 0x08008e6c
                0x20000000                . = ALIGN (0x4)
                0x20000000                _sdata = .
 *(.data)
 *(.data*)
 .data.CDC_Class
                0x20000000       0x20 build/usbh_cdc.o
                0x20000000                CDC_Class
 .data.HID_Class
                0x20000020       0x20 build/usbh_hid.o
                0x20000020                HID_Class
 .data.Stat     0x20000040        0x1 build/sd_diskio.o
 *fill*         0x20000041        0x3 
 .data.MTP_Class
                0x20000044       0x20 build/usbh_mtp.o
                0x20000044                MTP_Class
 .data.USBH_msc
                0x20000064       0x20 build/usbh_msc.o
                0x20000064                USBH_msc
 .data.AUDIO_Class
                0x20000084       0x20 build/usbh_audio.o
                0x20000084                AUDIO_Class
 .data.SystemCoreClock
                0x200000a4        0x4 build/system_stm32f4xx.o
                0x200000a4                SystemCoreClock
 .data.impure_data
                0x200000a8       0x60 /home/ada/Downloads/gcc-arm-none-eabi-5_4-2016q3/bin/../lib/gcc/arm-none-eabi/5.4.1/../../../../arm-none-eabi/lib/armv7e-m/fpu/libc_nano.a(lib_a-impure.o)
 .data._impure_ptr
                0x20000108        0x4 /home/ada/Downloads/gcc-arm-none-eabi-5_4-2016q3/bin/../lib/gcc/arm-none-eabi/5.4.1/../../../../arm-none-eabi/lib/armv7e-m/fpu/libc_nano.a(lib_a-impure.o)
                0x20000108                _impure_ptr
                0x2000010c                . = ALIGN (0x4)
                0x2000010c                _edata = .
                0x08008f78                _siccmram = LOADADDR (.ccmram)

.jcr            0x2000010c        0x0 load address 0x08008f78
 .jcr           0x2000010c        0x0 /home/ada/Downloads/gcc-arm-none-eabi-5_4-2016q3/bin/../lib/gcc/arm-none-eabi/5.4.1/armv7e-m/fpu/crtbegin.o

.igot.plt       0x2000010c        0x0 load address 0x08008f78
 .igot.plt      0x2000010c        0x0 /home/ada/Downloads/gcc-arm-none-eabi-5_4-2016q3/bin/../lib/gcc/arm-none-eabi/5.4.1/armv7e-m/fpu/crtbegin.o

.ccmram         0x10000000        0x0 load address 0x08008f78
                0x10000000                . = ALIGN (0x4)
                0x10000000                _sccmram = .
 *(.ccmram)
 *(.ccmram*)
                0x10000000                . = ALIGN (0x4)
                0x10000000                _eccmram = .
                0x10000000                . = ALIGN (0x4)

.bss            0x2000010c     0x1684
                0x2000010c                _sbss = .
                0x2000010c                __bss_start__ = _sbss
 *(.bss)
 .bss           0x2000010c       0x1c /home/ada/Downloads/gcc-arm-none-eabi-5_4-2016q3/bin/../lib/gcc/arm-none-eabi/5.4.1/armv7e-m/fpu/crtbegin.o
 *(.bss*)
 .bss.disk      0x20000128       0x10 build/ff_gen_drv.o
                0x20000128                disk
 .bss.ReadStatus
                0x20000138        0x4 build/sd_diskio.o
 .bss.WriteStatus
                0x2000013c        0x4 build/sd_diskio.o
 .bss.Appli_state
                0x20000140        0x1 build/usb_host.o
                0x20000140                Appli_state
 *fill*         0x20000141        0x3 
 .bss.Files     0x20000144       0x20 build/ff.o
 .bss.Fsid      0x20000164        0x2 build/ff.o
 *fill*         0x20000166        0x2 
 .bss.FatFs     0x20000168        0x8 build/ff.o
 .bss.__malloc_sbrk_start
                0x20000170        0x4 /home/ada/Downloads/gcc-arm-none-eabi-5_4-2016q3/bin/../lib/gcc/arm-none-eabi/5.4.1/../../../../arm-none-eabi/lib/armv7e-m/fpu/libc_nano.a(lib_a-nano-mallocr.o)
                0x20000170                __malloc_sbrk_start
 .bss.__malloc_free_list
                0x20000174        0x4 /home/ada/Downloads/gcc-arm-none-eabi-5_4-2016q3/bin/../lib/gcc/arm-none-eabi/5.4.1/../../../../arm-none-eabi/lib/armv7e-m/fpu/libc_nano.a(lib_a-nano-mallocr.o)
                0x20000174                __malloc_free_list
 .bss.heap_end.4169
                0x20000178        0x4 /home/ada/Downloads/gcc-arm-none-eabi-5_4-2016q3/bin/../lib/gcc/arm-none-eabi/5.4.1/../../../../arm-none-eabi/lib/armv7e-m/fpu/libnosys.a(sbrk.o)
 *(COMMON)
 COMMON         0x2000017c      0x4e8 build/main.o
                0x2000017c                mynewdiskFatFs
                0x200003ac                mynewdiskPath
                0x200003b0                hsd
                0x20000434                MyFile
 COMMON         0x20000664      0x8cd build/fatfs.o
                0x20000664                retSD
                0x20000668                USBHPath
                0x2000066c                SDPath
                0x20000670                USBHFile
                0x200008a0                SDFile
                0x20000ad0                USBHFatFS
                0x20000d00                SDFatFS
                0x20000f30                retUSBH
 *fill*         0x20000f31        0x3 
 COMMON         0x20000f34      0x298 build/usbh_conf.o
                0x20000f34                hhcd_USB_OTG_FS
 COMMON         0x200011cc        0x4 build/stm32f4xx_hal.o
                0x200011cc                uwTick
 COMMON         0x200011d0        0xc build/usbh_hid_mouse.o
                0x200011d0                mouse_info
                0x200011d8                mouse_report_data
 COMMON         0x200011dc      0x598 build/usb_host.o
                0x200011dc                hUsbHostFS
 COMMON         0x20001774       0x17 build/usbh_hid_keybd.o
                0x20001774                keybd_report_data
                0x2000177c                keybd_info
 *fill*         0x2000178b        0x1 
 COMMON         0x2000178c        0x4 /home/ada/Downloads/gcc-arm-none-eabi-5_4-2016q3/bin/../lib/gcc/arm-none-eabi/5.4.1/../../../../arm-none-eabi/lib/armv7e-m/fpu/libc_nano.a(lib_a-reent.o)
                0x2000178c                errno
                0x20001790                . = ALIGN (0x4)
                0x20001790                _ebss = .
                0x20001790                __bss_end__ = _ebss

._user_heap_stack
                0x20001790      0x600
                0x20001790                . = ALIGN (0x8)
                0x20001790                PROVIDE (end, .)
                [!provide]                PROVIDE (_end, .)
                0x20001990                . = (. + _Min_Heap_Size)
 *fill*         0x20001790      0x200 
                0x20001d90                . = (. + _Min_Stack_Size)
 *fill*         0x20001990      0x400 
                0x20001d90                . = ALIGN (0x8)

/DISCARD/
 libc.a(*)
 libm.a(*)
 libgcc.a(*)

.ARM.attributes
                0x00000000       0x30
 *(.ARM.attributes)
 .ARM.attributes
                0x00000000       0x22 /home/ada/Downloads/gcc-arm-none-eabi-5_4-2016q3/bin/../lib/gcc/arm-none-eabi/5.4.1/armv7e-m/fpu/crti.o
 .ARM.attributes
                0x00000022       0x34 /home/ada/Downloads/gcc-arm-none-eabi-5_4-2016q3/bin/../lib/gcc/arm-none-eabi/5.4.1/armv7e-m/fpu/crtbegin.o
 .ARM.attributes
                0x00000056       0x39 build/usbh_pipes.o
 .ARM.attributes
                0x0000008f       0x39 build/ff_gen_drv.o
 .ARM.attributes
                0x000000c8       0x39 build/stm32f4xx_hal_sd.o
 .ARM.attributes
                0x00000101       0x39 build/bsp_driver_sd.o
 .ARM.attributes
                0x0000013a       0x39 build/stm32f4xx_hal_msp.o
 .ARM.attributes
                0x00000173       0x39 build/usbh_cdc.o
 .ARM.attributes
                0x000001ac       0x39 build/stm32f4xx_hal_dma.o
 .ARM.attributes
                0x000001e5       0x39 build/stm32f4xx_hal_hcd.o
 .ARM.attributes
                0x0000021e       0x39 build/usbh_ctlreq.o
 .ARM.attributes
                0x00000257       0x39 build/main.o
 .ARM.attributes
                0x00000290       0x39 build/fatfs.o
 .ARM.attributes
                0x000002c9       0x39 build/usbh_hid.o
 .ARM.attributes
                0x00000302       0x39 build/stm32f4xx_hal_cortex.o
 .ARM.attributes
                0x0000033b       0x39 build/sd_diskio.o
 .ARM.attributes
                0x00000374       0x39 build/stm32f4xx_it.o
 .ARM.attributes
                0x000003ad       0x39 build/usbh_mtp.o
 .ARM.attributes
                0x000003e6       0x39 build/usbh_msc.o
 .ARM.attributes
                0x0000041f       0x39 build/stm32f4xx_ll_sdmmc.o
 .ARM.attributes
                0x00000458       0x39 build/stm32f4xx_hal_rcc.o
 .ARM.attributes
                0x00000491       0x39 build/usbh_conf.o
 .ARM.attributes
                0x000004ca       0x39 build/usbh_audio.o
 .ARM.attributes
                0x00000503       0x39 build/stm32f4xx_hal_gpio.o
 .ARM.attributes
                0x0000053c       0x39 build/system_stm32f4xx.o
 .ARM.attributes
                0x00000575       0x39 build/stm32f4xx_hal.o
 .ARM.attributes
                0x000005ae       0x39 build/diskio.o
 .ARM.attributes
                0x000005e7       0x39 build/usbh_msc_scsi.o
 .ARM.attributes
                0x00000620       0x39 build/usbh_hid_mouse.o
 .ARM.attributes
                0x00000659       0x39 build/usbh_msc_bot.o
 .ARM.attributes
                0x00000692       0x39 build/stm32f4xx_ll_usb.o
 .ARM.attributes
                0x000006cb       0x39 build/usbh_mtp_ptp.o
 .ARM.attributes
                0x00000704       0x39 build/usbh_core.o
 .ARM.attributes
                0x0000073d       0x39 build/usb_host.o
 .ARM.attributes
                0x00000776       0x39 build/usbh_diskio.o
 .ARM.attributes
                0x000007af       0x39 build/ff.o
 .ARM.attributes
                0x000007e8       0x39 build/usbh_hid_keybd.o
 .ARM.attributes
                0x00000821       0x39 build/usbh_ioreq.o
 .ARM.attributes
                0x0000085a       0x21 build/startup_stm32f407xx.o
 .ARM.attributes
                0x0000087b       0x34 /home/ada/Downloads/gcc-arm-none-eabi-5_4-2016q3/bin/../lib/gcc/arm-none-eabi/5.4.1/../../../../arm-none-eabi/lib/armv7e-m/fpu/libc_nano.a(lib_a-impure.o)
 .ARM.attributes
                0x000008af       0x34 /home/ada/Downloads/gcc-arm-none-eabi-5_4-2016q3/bin/../lib/gcc/arm-none-eabi/5.4.1/../../../../arm-none-eabi/lib/armv7e-m/fpu/libc_nano.a(lib_a-init.o)
 .ARM.attributes
                0x000008e3       0x34 /home/ada/Downloads/gcc-arm-none-eabi-5_4-2016q3/bin/../lib/gcc/arm-none-eabi/5.4.1/../../../../arm-none-eabi/lib/armv7e-m/fpu/libc_nano.a(lib_a-malloc.o)
 .ARM.attributes
                0x00000917       0x34 /home/ada/Downloads/gcc-arm-none-eabi-5_4-2016q3/bin/../lib/gcc/arm-none-eabi/5.4.1/../../../../arm-none-eabi/lib/armv7e-m/fpu/libc_nano.a(lib_a-memcpy-stub.o)
 .ARM.attributes
                0x0000094b       0x34 /home/ada/Downloads/gcc-arm-none-eabi-5_4-2016q3/bin/../lib/gcc/arm-none-eabi/5.4.1/../../../../arm-none-eabi/lib/armv7e-m/fpu/libc_nano.a(lib_a-memset.o)
 .ARM.attributes
                0x0000097f       0x34 /home/ada/Downloads/gcc-arm-none-eabi-5_4-2016q3/bin/../lib/gcc/arm-none-eabi/5.4.1/../../../../arm-none-eabi/lib/armv7e-m/fpu/libc_nano.a(lib_a-nano-freer.o)
 .ARM.attributes
                0x000009b3       0x34 /home/ada/Downloads/gcc-arm-none-eabi-5_4-2016q3/bin/../lib/gcc/arm-none-eabi/5.4.1/../../../../arm-none-eabi/lib/armv7e-m/fpu/libc_nano.a(lib_a-nano-mallocr.o)
 .ARM.attributes
                0x000009e7       0x34 /home/ada/Downloads/gcc-arm-none-eabi-5_4-2016q3/bin/../lib/gcc/arm-none-eabi/5.4.1/../../../../arm-none-eabi/lib/armv7e-m/fpu/libc_nano.a(lib_a-sbrkr.o)
 .ARM.attributes
                0x00000a1b       0x34 /home/ada/Downloads/gcc-arm-none-eabi-5_4-2016q3/bin/../lib/gcc/arm-none-eabi/5.4.1/../../../../arm-none-eabi/lib/armv7e-m/fpu/libc_nano.a(lib_a-mlock.o)
 .ARM.attributes
                0x00000a4f       0x34 /home/ada/Downloads/gcc-arm-none-eabi-5_4-2016q3/bin/../lib/gcc/arm-none-eabi/5.4.1/../../../../arm-none-eabi/lib/armv7e-m/fpu/libc_nano.a(lib_a-reent.o)
 .ARM.attributes
                0x00000a83       0x34 /home/ada/Downloads/gcc-arm-none-eabi-5_4-2016q3/bin/../lib/gcc/arm-none-eabi/5.4.1/../../../../arm-none-eabi/lib/armv7e-m/fpu/libnosys.a(sbrk.o)
 .ARM.attributes
                0x00000ab7       0x22 /home/ada/Downloads/gcc-arm-none-eabi-5_4-2016q3/bin/../lib/gcc/arm-none-eabi/5.4.1/armv7e-m/fpu/libgcc.a(_aeabi_uldivmod.o)
 .ARM.attributes
                0x00000ad9       0x34 /home/ada/Downloads/gcc-arm-none-eabi-5_4-2016q3/bin/../lib/gcc/arm-none-eabi/5.4.1/armv7e-m/fpu/libgcc.a(_udivmoddi4.o)
 .ARM.attributes
                0x00000b0d       0x22 /home/ada/Downloads/gcc-arm-none-eabi-5_4-2016q3/bin/../lib/gcc/arm-none-eabi/5.4.1/armv7e-m/fpu/libgcc.a(_dvmd_tls.o)
 .ARM.attributes
                0x00000b2f       0x22 /home/ada/Downloads/gcc-arm-none-eabi-5_4-2016q3/bin/../lib/gcc/arm-none-eabi/5.4.1/armv7e-m/fpu/crtn.o
OUTPUT(build/SD_USB_ARM.elf elf32-littlearm)

.debug_info     0x00000000    0x2b332
 .debug_info    0x00000000      0xb4c build/usbh_pipes.o
 .debug_info    0x00000b4c      0x420 build/ff_gen_drv.o
 .debug_info    0x00000f6c     0x241b build/stm32f4xx_hal_sd.o
 .debug_info    0x00003387      0xc1e build/bsp_driver_sd.o
 .debug_info    0x00003fa5      0xe54 build/stm32f4xx_hal_msp.o
 .debug_info    0x00004df9     0x1736 build/usbh_cdc.o
 .debug_info    0x0000652f      0xaef build/stm32f4xx_hal_dma.o
 .debug_info    0x0000701e     0x123f build/stm32f4xx_hal_hcd.o
 .debug_info    0x0000825d     0x1284 build/usbh_ctlreq.o
 .debug_info    0x000094e1     0x18eb build/main.o
 .debug_info    0x0000adcc      0x595 build/fatfs.o
 .debug_info    0x0000b361     0x1589 build/usbh_hid.o
 .debug_info    0x0000c8ea      0xfe9 build/stm32f4xx_hal_cortex.o
 .debug_info    0x0000d8d3      0x654 build/sd_diskio.o
 .debug_info    0x0000df27      0x652 build/stm32f4xx_it.o
 .debug_info    0x0000e579     0x27c3 build/usbh_mtp.o
 .debug_info    0x00010d3c     0x1717 build/usbh_msc.o
 .debug_info    0x00012453     0x171f build/stm32f4xx_ll_sdmmc.o
 .debug_info    0x00013b72      0xafc build/stm32f4xx_hal_rcc.o
 .debug_info    0x0001466e     0x1d28 build/usbh_conf.o
 .debug_info    0x00016396     0x2c20 build/usbh_audio.o
 .debug_info    0x00018fb6      0x7c0 build/stm32f4xx_hal_gpio.o
 .debug_info    0x00019776      0x576 build/system_stm32f4xx.o
 .debug_info    0x00019cec      0x965 build/stm32f4xx_hal.o
 .debug_info    0x0001a651      0x4a2 build/diskio.o
 .debug_info    0x0001aaf3     0x1240 build/usbh_msc_scsi.o
 .debug_info    0x0001bd33      0xf04 build/usbh_hid_mouse.o
 .debug_info    0x0001cc37     0x1361 build/usbh_msc_bot.o
 .debug_info    0x0001df98     0x185d build/stm32f4xx_ll_usb.o
 .debug_info    0x0001f7f5     0x2d5f build/usbh_mtp_ptp.o
 .debug_info    0x00022554     0x1356 build/usbh_core.o
 .debug_info    0x000238aa      0xb3f build/usb_host.o
 .debug_info    0x000243e9      0xf7f build/usbh_diskio.o
 .debug_info    0x00025368     0x3fb8 build/ff.o
 .debug_info    0x00029320     0x10e7 build/usbh_hid_keybd.o
 .debug_info    0x0002a407      0xeb8 build/usbh_ioreq.o
 .debug_info    0x0002b2bf       0x73 build/startup_stm32f407xx.o

.debug_abbrev   0x00000000     0x5974
 .debug_abbrev  0x00000000      0x253 build/usbh_pipes.o
 .debug_abbrev  0x00000253      0x194 build/ff_gen_drv.o
 .debug_abbrev  0x000003e7      0x29e build/stm32f4xx_hal_sd.o
 .debug_abbrev  0x00000685      0x233 build/bsp_driver_sd.o
 .debug_abbrev  0x000008b8      0x1a8 build/stm32f4xx_hal_msp.o
 .debug_abbrev  0x00000a60      0x314 build/usbh_cdc.o
 .debug_abbrev  0x00000d74      0x2aa build/stm32f4xx_hal_dma.o
 .debug_abbrev  0x0000101e      0x27f build/stm32f4xx_hal_hcd.o
 .debug_abbrev  0x0000129d      0x300 build/usbh_ctlreq.o
 .debug_abbrev  0x0000159d      0x2ab build/main.o
 .debug_abbrev  0x00001848      0x17e build/fatfs.o
 .debug_abbrev  0x000019c6      0x38f build/usbh_hid.o
 .debug_abbrev  0x00001d55      0x313 build/stm32f4xx_hal_cortex.o
 .debug_abbrev  0x00002068      0x1ef build/sd_diskio.o
 .debug_abbrev  0x00002257      0x155 build/stm32f4xx_it.o
 .debug_abbrev  0x000023ac      0x3c6 build/usbh_mtp.o
 .debug_abbrev  0x00002772      0x32c build/usbh_msc.o
 .debug_abbrev  0x00002a9e      0x21d build/stm32f4xx_ll_sdmmc.o
 .debug_abbrev  0x00002cbb      0x282 build/stm32f4xx_hal_rcc.o
 .debug_abbrev  0x00002f3d      0x348 build/usbh_conf.o
 .debug_abbrev  0x00003285      0x348 build/usbh_audio.o
 .debug_abbrev  0x000035cd      0x202 build/stm32f4xx_hal_gpio.o
 .debug_abbrev  0x000037cf      0x103 build/system_stm32f4xx.o
 .debug_abbrev  0x000038d2      0x221 build/stm32f4xx_hal.o
 .debug_abbrev  0x00003af3      0x195 build/diskio.o
 .debug_abbrev  0x00003c88      0x2a8 build/usbh_msc_scsi.o
 .debug_abbrev  0x00003f30      0x256 build/usbh_hid_mouse.o
 .debug_abbrev  0x00004186      0x2b2 build/usbh_msc_bot.o
 .debug_abbrev  0x00004438      0x26b build/stm32f4xx_ll_usb.o
 .debug_abbrev  0x000046a3      0x3a0 build/usbh_mtp_ptp.o
 .debug_abbrev  0x00004a43      0x359 build/usbh_core.o
 .debug_abbrev  0x00004d9c      0x235 build/usb_host.o
 .debug_abbrev  0x00004fd1      0x271 build/usbh_diskio.o
 .debug_abbrev  0x00005242      0x293 build/ff.o
 .debug_abbrev  0x000054d5      0x290 build/usbh_hid_keybd.o
 .debug_abbrev  0x00005765      0x1fd build/usbh_ioreq.o
 .debug_abbrev  0x00005962       0x12 build/startup_stm32f407xx.o

.debug_loc      0x00000000    0x1968a
 .debug_loc     0x00000000      0x244 build/usbh_pipes.o
 .debug_loc     0x00000244      0x2d1 build/ff_gen_drv.o
 .debug_loc     0x00000515     0x20ab build/stm32f4xx_hal_sd.o
 .debug_loc     0x000025c0      0x570 build/bsp_driver_sd.o
 .debug_loc     0x00002b30       0xd1 build/stm32f4xx_hal_msp.o
 .debug_loc     0x00002c01      0x7ed build/usbh_cdc.o
 .debug_loc     0x000033ee      0xb18 build/stm32f4xx_hal_dma.o
 .debug_loc     0x00003f06      0xc4d build/stm32f4xx_hal_hcd.o
 .debug_loc     0x00004b53      0xd1e build/usbh_ctlreq.o
 .debug_loc     0x00005871      0x111 build/main.o
 .debug_loc     0x00005982       0x20 build/fatfs.o
 .debug_loc     0x000059a2      0x8ab build/usbh_hid.o
 .debug_loc     0x0000624d      0x5c0 build/stm32f4xx_hal_cortex.o
 .debug_loc     0x0000680d      0x501 build/sd_diskio.o
 .debug_loc     0x00006d0e       0x40 build/stm32f4xx_it.o
 .debug_loc     0x00006d4e     0x12ff build/usbh_mtp.o
 .debug_loc     0x0000804d      0xb6c build/usbh_msc.o
 .debug_loc     0x00008bb9     0x1614 build/stm32f4xx_ll_sdmmc.o
 .debug_loc     0x0000a1cd      0x574 build/stm32f4xx_hal_rcc.o
 .debug_loc     0x0000a741      0xa81 build/usbh_conf.o
 .debug_loc     0x0000b1c2     0x2962 build/usbh_audio.o
 .debug_loc     0x0000db24      0x433 build/stm32f4xx_hal_gpio.o
 .debug_loc     0x0000df57      0x132 build/system_stm32f4xx.o
 .debug_loc     0x0000e089      0x101 build/stm32f4xx_hal.o
 .debug_loc     0x0000e18a      0x29c build/diskio.o
 .debug_loc     0x0000e426      0x8c0 build/usbh_msc_scsi.o
 .debug_loc     0x0000ece6      0x11b build/usbh_hid_mouse.o
 .debug_loc     0x0000ee01      0x6f2 build/usbh_msc_bot.o
 .debug_loc     0x0000f4f3     0x18c3 build/stm32f4xx_ll_usb.o
 .debug_loc     0x00010db6     0x2737 build/usbh_mtp_ptp.o
 .debug_loc     0x000134ed      0x969 build/usbh_core.o
 .debug_loc     0x00013e56       0x40 build/usb_host.o
 .debug_loc     0x00013e96      0x466 build/usbh_diskio.o
 .debug_loc     0x000142fc     0x4acb build/ff.o
 .debug_loc     0x00018dc7      0x1bc build/usbh_hid_keybd.o
 .debug_loc     0x00018f83      0x707 build/usbh_ioreq.o

.debug_aranges  0x00000000     0x15a0
 .debug_aranges
                0x00000000       0x40 build/usbh_pipes.o
 .debug_aranges
                0x00000040       0x40 build/ff_gen_drv.o
 .debug_aranges
                0x00000080      0x168 build/stm32f4xx_hal_sd.o
 .debug_aranges
                0x000001e8       0x90 build/bsp_driver_sd.o
 .debug_aranges
                0x00000278       0x30 build/stm32f4xx_hal_msp.o
 .debug_aranges
                0x000002a8       0xa8 build/usbh_cdc.o
 .debug_aranges
                0x00000350       0x90 build/stm32f4xx_hal_dma.o
 .debug_aranges
                0x000003e0       0xe0 build/stm32f4xx_hal_hcd.o
 .debug_aranges
                0x000004c0       0x98 build/usbh_ctlreq.o
 .debug_aranges
                0x00000558       0x40 build/main.o
 .debug_aranges
                0x00000598       0x28 build/fatfs.o
 .debug_aranges
                0x000005c0       0xa8 build/usbh_hid.o
 .debug_aranges
                0x00000668       0xa8 build/stm32f4xx_hal_cortex.o
 .debug_aranges
                0x00000710       0x58 build/sd_diskio.o
 .debug_aranges
                0x00000768       0x28 build/stm32f4xx_it.o
 .debug_aranges
                0x00000790       0xe8 build/usbh_mtp.o
 .debug_aranges
                0x00000878       0x78 build/usbh_msc.o
 .debug_aranges
                0x000008f0      0x178 build/stm32f4xx_ll_sdmmc.o
 .debug_aranges
                0x00000a68       0x88 build/stm32f4xx_hal_rcc.o
 .debug_aranges
                0x00000af0       0xc0 build/usbh_conf.o
 .debug_aranges
                0x00000bb0      0x138 build/usbh_audio.o
 .debug_aranges
                0x00000ce8       0x58 build/stm32f4xx_hal_gpio.o
 .debug_aranges
                0x00000d40       0x28 build/system_stm32f4xx.o
 .debug_aranges
                0x00000d68       0xc8 build/stm32f4xx_hal.o
 .debug_aranges
                0x00000e30       0x48 build/diskio.o
 .debug_aranges
                0x00000e78       0x48 build/usbh_msc_scsi.o
 .debug_aranges
                0x00000ec0       0x30 build/usbh_hid_mouse.o
 .debug_aranges
                0x00000ef0       0x48 build/usbh_msc_bot.o
 .debug_aranges
                0x00000f38      0x180 build/stm32f4xx_ll_usb.o
 .debug_aranges
                0x000010b8      0x108 build/usbh_mtp_ptp.o
 .debug_aranges
                0x000011c0       0xa8 build/usbh_core.o
 .debug_aranges
                0x00001268       0x30 build/usb_host.o
 .debug_aranges
                0x00001298       0x40 build/usbh_diskio.o
 .debug_aranges
                0x000012d8      0x208 build/ff.o
 .debug_aranges
                0x000014e0       0x38 build/usbh_hid_keybd.o
 .debug_aranges
                0x00001518       0x60 build/usbh_ioreq.o
 .debug_aranges
                0x00001578       0x28 build/startup_stm32f407xx.o

.debug_ranges   0x00000000     0x1358
 .debug_ranges  0x00000000       0x30 build/usbh_pipes.o
 .debug_ranges  0x00000030       0x30 build/ff_gen_drv.o
 .debug_ranges  0x00000060      0x158 build/stm32f4xx_hal_sd.o
 .debug_ranges  0x000001b8       0x80 build/bsp_driver_sd.o
 .debug_ranges  0x00000238       0x20 build/stm32f4xx_hal_msp.o
 .debug_ranges  0x00000258       0x98 build/usbh_cdc.o
 .debug_ranges  0x000002f0       0x80 build/stm32f4xx_hal_dma.o
 .debug_ranges  0x00000370       0xd0 build/stm32f4xx_hal_hcd.o
 .debug_ranges  0x00000440       0x88 build/usbh_ctlreq.o
 .debug_ranges  0x000004c8       0x30 build/main.o
 .debug_ranges  0x000004f8       0x18 build/fatfs.o
 .debug_ranges  0x00000510       0x98 build/usbh_hid.o
 .debug_ranges  0x000005a8       0x98 build/stm32f4xx_hal_cortex.o
 .debug_ranges  0x00000640       0x48 build/sd_diskio.o
 .debug_ranges  0x00000688       0x18 build/stm32f4xx_it.o
 .debug_ranges  0x000006a0       0xd8 build/usbh_mtp.o
 .debug_ranges  0x00000778       0x68 build/usbh_msc.o
 .debug_ranges  0x000007e0      0x168 build/stm32f4xx_ll_sdmmc.o
 .debug_ranges  0x00000948       0x78 build/stm32f4xx_hal_rcc.o
 .debug_ranges  0x000009c0       0xb0 build/usbh_conf.o
 .debug_ranges  0x00000a70      0x128 build/usbh_audio.o
 .debug_ranges  0x00000b98       0x48 build/stm32f4xx_hal_gpio.o
 .debug_ranges  0x00000be0       0x18 build/system_stm32f4xx.o
 .debug_ranges  0x00000bf8       0xb8 build/stm32f4xx_hal.o
 .debug_ranges  0x00000cb0       0x38 build/diskio.o
 .debug_ranges  0x00000ce8       0x38 build/usbh_msc_scsi.o
 .debug_ranges  0x00000d20       0x20 build/usbh_hid_mouse.o
 .debug_ranges  0x00000d40       0x38 build/usbh_msc_bot.o
 .debug_ranges  0x00000d78      0x170 build/stm32f4xx_ll_usb.o
 .debug_ranges  0x00000ee8       0xf8 build/usbh_mtp_ptp.o
 .debug_ranges  0x00000fe0       0x98 build/usbh_core.o
 .debug_ranges  0x00001078       0x20 build/usb_host.o
 .debug_ranges  0x00001098       0x30 build/usbh_diskio.o
 .debug_ranges  0x000010c8      0x1f8 build/ff.o
 .debug_ranges  0x000012c0       0x28 build/usbh_hid_keybd.o
 .debug_ranges  0x000012e8       0x50 build/usbh_ioreq.o
 .debug_ranges  0x00001338       0x20 build/startup_stm32f407xx.o

.debug_line     0x00000000     0x9cc6
 .debug_line    0x00000000      0x1f5 build/usbh_pipes.o
 .debug_line    0x000001f5      0x1ca build/ff_gen_drv.o
 .debug_line    0x000003bf      0x957 build/stm32f4xx_hal_sd.o
 .debug_line    0x00000d16      0x2da build/bsp_driver_sd.o
 .debug_line    0x00000ff0      0x24e build/stm32f4xx_hal_msp.o
 .debug_line    0x0000123e      0x470 build/usbh_cdc.o
 .debug_line    0x000016ae      0x4fa build/stm32f4xx_hal_dma.o
 .debug_line    0x00001ba8      0x55e build/stm32f4xx_hal_hcd.o
 .debug_line    0x00002106      0x41c build/usbh_ctlreq.o
 .debug_line    0x00002522      0x392 build/main.o
 .debug_line    0x000028b4      0x1a5 build/fatfs.o
 .debug_line    0x00002a59      0x4a6 build/usbh_hid.o
 .debug_line    0x00002eff      0x3c9 build/stm32f4xx_hal_cortex.o
 .debug_line    0x000032c8      0x2a0 build/sd_diskio.o
 .debug_line    0x00003568      0x201 build/stm32f4xx_it.o
 .debug_line    0x00003769      0x5e9 build/usbh_mtp.o
 .debug_line    0x00003d52      0x497 build/usbh_msc.o
 .debug_line    0x000041e9      0x64a build/stm32f4xx_ll_sdmmc.o
 .debug_line    0x00004833      0x49e build/stm32f4xx_hal_rcc.o
 .debug_line    0x00004cd1      0x41b build/usbh_conf.o
 .debug_line    0x000050ec      0x8e0 build/usbh_audio.o
 .debug_line    0x000059cc      0x349 build/stm32f4xx_hal_gpio.o
 .debug_line    0x00005d15      0x18c build/system_stm32f4xx.o
 .debug_line    0x00005ea1      0x378 build/stm32f4xx_hal.o
 .debug_line    0x00006219      0x1c1 build/diskio.o
 .debug_line    0x000063da      0x2de build/usbh_msc_scsi.o
 .debug_line    0x000066b8      0x23c build/usbh_hid_mouse.o
 .debug_line    0x000068f4      0x39a build/usbh_msc_bot.o
 .debug_line    0x00006c8e      0x7ea build/stm32f4xx_ll_usb.o
 .debug_line    0x00007478      0x74a build/usbh_mtp_ptp.o
 .debug_line    0x00007bc2      0x43d build/usbh_core.o
 .debug_line    0x00007fff      0x2f8 build/usb_host.o
 .debug_line    0x000082f7      0x27a build/usbh_diskio.o
 .debug_line    0x00008571     0x1226 build/ff.o
 .debug_line    0x00009797      0x27c build/usbh_hid_keybd.o
 .debug_line    0x00009a13      0x23f build/usbh_ioreq.o
 .debug_line    0x00009c52       0x74 build/startup_stm32f407xx.o

.debug_str      0x00000000     0x7d90
 .debug_str     0x00000000      0x97a build/usbh_pipes.o
                                0xa5d (size before relaxing)
 .debug_str     0x0000097a      0x162 build/ff_gen_drv.o
                                0x328 (size before relaxing)
 .debug_str     0x00000adc      0xf0d build/stm32f4xx_hal_sd.o
                               0x1189 (size before relaxing)
 .debug_str     0x000019e9      0x17f build/bsp_driver_sd.o
                                0x99b (size before relaxing)
 .debug_str     0x00001b68      0x6ae build/stm32f4xx_hal_msp.o
                                0xd5e (size before relaxing)
 .debug_str     0x00002216      0x6e2 build/usbh_cdc.o
                               0x1123 (size before relaxing)
 .debug_str     0x000028f8      0x2cd build/stm32f4xx_hal_dma.o
                                0x7aa (size before relaxing)
 .debug_str     0x00002bc5      0x7ec build/stm32f4xx_hal_hcd.o
                                0xad8 (size before relaxing)
 .debug_str     0x000033b1      0x246 build/usbh_ctlreq.o
                                0xc92 (size before relaxing)
 .debug_str     0x000035f7      0x484 build/main.o
                               0x127e (size before relaxing)
 .debug_str     0x00003a7b       0x64 build/fatfs.o
                                0x3cc (size before relaxing)
 .debug_str     0x00003adf      0x412 build/usbh_hid.o
                                0xf06 (size before relaxing)
 .debug_str     0x00003ef1      0x3bc build/stm32f4xx_hal_cortex.o
                                0xc3e (size before relaxing)
 .debug_str     0x000042ad       0xa5 build/sd_diskio.o
                                0x40d (size before relaxing)
 .debug_str     0x00004352       0x51 build/stm32f4xx_it.o
                                0x64c (size before relaxing)
 .debug_str     0x000043a3      0xe20 build/usbh_mtp.o
                               0x199f (size before relaxing)
 .debug_str     0x000051c3      0x5fc build/usbh_msc.o
                               0x10b6 (size before relaxing)
 .debug_str     0x000057bf      0x1f9 build/stm32f4xx_ll_sdmmc.o
                                0x80b (size before relaxing)
 .debug_str     0x000059b8      0x1aa build/stm32f4xx_hal_rcc.o
                                0x6fa (size before relaxing)
 .debug_str     0x00005b62      0x154 build/usbh_conf.o
                               0x1879 (size before relaxing)
 .debug_str     0x00005cb6      0xd2c build/usbh_audio.o
                               0x18c6 (size before relaxing)
 .debug_str     0x000069e2      0x120 build/stm32f4xx_hal_gpio.o
                                0x514 (size before relaxing)
 .debug_str     0x00006b02       0x42 build/system_stm32f4xx.o
                                0x3a4 (size before relaxing)
 .debug_str     0x00006b44      0x1cd build/stm32f4xx_hal.o
                                0xaaf (size before relaxing)
 .debug_str     0x00006d11       0x30 build/diskio.o
                                0x2d7 (size before relaxing)
 .debug_str     0x00006d41       0x64 build/usbh_msc_scsi.o
                                0xee4 (size before relaxing)
 .debug_str     0x00006da5      0x150 build/usbh_hid_mouse.o
                                0xd05 (size before relaxing)
 .debug_str     0x00006ef5       0xe1 build/usbh_msc_bot.o
                               0x1028 (size before relaxing)
 .debug_str     0x00006fd6      0x44d build/stm32f4xx_ll_usb.o
                                0xbc4 (size before relaxing)
 .debug_str     0x00007423      0x1eb build/usbh_mtp_ptp.o
                               0x18db (size before relaxing)
 .debug_str     0x0000760e      0x103 build/usbh_core.o
                                0xc78 (size before relaxing)
 .debug_str     0x00007711       0x96 build/usb_host.o
                                0xaa6 (size before relaxing)
 .debug_str     0x000077a7       0x4e build/usbh_diskio.o
                                0xca9 (size before relaxing)
 .debug_str     0x000077f5      0x3b8 build/ff.o
                                0x84d (size before relaxing)
 .debug_str     0x00007bad      0x17b build/usbh_hid_keybd.o
                                0xdbc (size before relaxing)
 .debug_str     0x00007d28       0x68 build/usbh_ioreq.o
                                0xac7 (size before relaxing)

.comment        0x00000000       0x6e
 .comment       0x00000000       0x6e build/usbh_pipes.o
                                 0x6f (size before relaxing)
 .comment       0x0000006e       0x6f build/ff_gen_drv.o
 .comment       0x0000006e       0x6f build/stm32f4xx_hal_sd.o
 .comment       0x0000006e       0x6f build/bsp_driver_sd.o
 .comment       0x0000006e       0x6f build/stm32f4xx_hal_msp.o
 .comment       0x0000006e       0x6f build/usbh_cdc.o
 .comment       0x0000006e       0x6f build/stm32f4xx_hal_dma.o
 .comment       0x0000006e       0x6f build/stm32f4xx_hal_hcd.o
 .comment       0x0000006e       0x6f build/usbh_ctlreq.o
 .comment       0x0000006e       0x6f build/main.o
 .comment       0x0000006e       0x6f build/fatfs.o
 .comment       0x0000006e       0x6f build/usbh_hid.o
 .comment       0x0000006e       0x6f build/stm32f4xx_hal_cortex.o
 .comment       0x0000006e       0x6f build/sd_diskio.o
 .comment       0x0000006e       0x6f build/stm32f4xx_it.o
 .comment       0x0000006e       0x6f build/usbh_mtp.o
 .comment       0x0000006e       0x6f build/usbh_msc.o
 .comment       0x0000006e       0x6f build/stm32f4xx_ll_sdmmc.o
 .comment       0x0000006e       0x6f build/stm32f4xx_hal_rcc.o
 .comment       0x0000006e       0x6f build/usbh_conf.o
 .comment       0x0000006e       0x6f build/usbh_audio.o
 .comment       0x0000006e       0x6f build/stm32f4xx_hal_gpio.o
 .comment       0x0000006e       0x6f build/system_stm32f4xx.o
 .comment       0x0000006e       0x6f build/stm32f4xx_hal.o
 .comment       0x0000006e       0x6f build/diskio.o
 .comment       0x0000006e       0x6f build/usbh_msc_scsi.o
 .comment       0x0000006e       0x6f build/usbh_hid_mouse.o
 .comment       0x0000006e       0x6f build/usbh_msc_bot.o
 .comment       0x0000006e       0x6f build/stm32f4xx_ll_usb.o
 .comment       0x0000006e       0x6f build/usbh_mtp_ptp.o
 .comment       0x0000006e       0x6f build/usbh_core.o
 .comment       0x0000006e       0x6f build/usb_host.o
 .comment       0x0000006e       0x6f build/usbh_diskio.o
 .comment       0x0000006e       0x6f build/ff.o
 .comment       0x0000006e       0x6f build/usbh_hid_keybd.o
 .comment       0x0000006e       0x6f build/usbh_ioreq.o

.debug_frame    0x00000000     0x4704
 .debug_frame   0x00000000       0x8c build/usbh_pipes.o
 .debug_frame   0x0000008c       0x98 build/ff_gen_drv.o
 .debug_frame   0x00000124      0x540 build/stm32f4xx_hal_sd.o
 .debug_frame   0x00000664      0x18c build/bsp_driver_sd.o
 .debug_frame   0x000007f0       0x80 build/stm32f4xx_hal_msp.o
 .debug_frame   0x00000870      0x1dc build/usbh_cdc.o
 .debug_frame   0x00000a4c      0x1b4 build/stm32f4xx_hal_dma.o
 .debug_frame   0x00000c00      0x2e0 build/stm32f4xx_hal_hcd.o
 .debug_frame   0x00000ee0      0x200 build/usbh_ctlreq.o
 .debug_frame   0x000010e0       0x9c build/main.o
 .debug_frame   0x0000117c       0x3c build/fatfs.o
 .debug_frame   0x000011b8      0x204 build/usbh_hid.o
 .debug_frame   0x000013bc      0x164 build/stm32f4xx_hal_cortex.o
 .debug_frame   0x00001520       0xec build/sd_diskio.o
 .debug_frame   0x0000160c       0x48 build/stm32f4xx_it.o
 .debug_frame   0x00001654      0x390 build/usbh_mtp.o
 .debug_frame   0x000019e4      0x180 build/usbh_msc.o
 .debug_frame   0x00001b64      0x504 build/stm32f4xx_ll_sdmmc.o
 .debug_frame   0x00002068      0x194 build/stm32f4xx_hal_rcc.o
 .debug_frame   0x000021fc      0x25c build/usbh_conf.o
 .debug_frame   0x00002458      0x408 build/usbh_audio.o
 .debug_frame   0x00002860       0xd4 build/stm32f4xx_hal_gpio.o
 .debug_frame   0x00002934       0x30 build/system_stm32f4xx.o
 .debug_frame   0x00002964      0x1a8 build/stm32f4xx_hal.o
 .debug_frame   0x00002b0c       0xb4 build/diskio.o
 .debug_frame   0x00002bc0       0xd4 build/usbh_msc_scsi.o
 .debug_frame   0x00002c94       0x64 build/usbh_hid_mouse.o
 .debug_frame   0x00002cf8       0xb8 build/usbh_msc_bot.o
 .debug_frame   0x00002db0      0x4e8 build/stm32f4xx_ll_usb.o
 .debug_frame   0x00003298      0x4a4 build/usbh_mtp_ptp.o
 .debug_frame   0x0000373c      0x1fc build/usbh_core.o
 .debug_frame   0x00003938       0x58 build/usb_host.o
 .debug_frame   0x00003990       0x9c build/usbh_diskio.o
 .debug_frame   0x00003a2c      0x8cc build/ff.o
 .debug_frame   0x000042f8       0x78 build/usbh_hid_keybd.o
 .debug_frame   0x00004370      0x154 build/usbh_ioreq.o
 .debug_frame   0x000044c4       0x2c /home/ada/Downloads/gcc-arm-none-eabi-5_4-2016q3/bin/../lib/gcc/arm-none-eabi/5.4.1/../../../../arm-none-eabi/lib/armv7e-m/fpu/libc_nano.a(lib_a-init.o)
 .debug_frame   0x000044f0       0x30 /home/ada/Downloads/gcc-arm-none-eabi-5_4-2016q3/bin/../lib/gcc/arm-none-eabi/5.4.1/../../../../arm-none-eabi/lib/armv7e-m/fpu/libc_nano.a(lib_a-malloc.o)
 .debug_frame   0x00004520       0x28 /home/ada/Downloads/gcc-arm-none-eabi-5_4-2016q3/bin/../lib/gcc/arm-none-eabi/5.4.1/../../../../arm-none-eabi/lib/armv7e-m/fpu/libc_nano.a(lib_a-memcpy-stub.o)
 .debug_frame   0x00004548       0x20 /home/ada/Downloads/gcc-arm-none-eabi-5_4-2016q3/bin/../lib/gcc/arm-none-eabi/5.4.1/../../../../arm-none-eabi/lib/armv7e-m/fpu/libc_nano.a(lib_a-memset.o)
 .debug_frame   0x00004568       0x38 /home/ada/Downloads/gcc-arm-none-eabi-5_4-2016q3/bin/../lib/gcc/arm-none-eabi/5.4.1/../../../../arm-none-eabi/lib/armv7e-m/fpu/libc_nano.a(lib_a-nano-freer.o)
 .debug_frame   0x000045a0       0x2c /home/ada/Downloads/gcc-arm-none-eabi-5_4-2016q3/bin/../lib/gcc/arm-none-eabi/5.4.1/../../../../arm-none-eabi/lib/armv7e-m/fpu/libc_nano.a(lib_a-nano-mallocr.o)
 .debug_frame   0x000045cc       0x2c /home/ada/Downloads/gcc-arm-none-eabi-5_4-2016q3/bin/../lib/gcc/arm-none-eabi/5.4.1/../../../../arm-none-eabi/lib/armv7e-m/fpu/libc_nano.a(lib_a-sbrkr.o)
 .debug_frame   0x000045f8       0x30 /home/ada/Downloads/gcc-arm-none-eabi-5_4-2016q3/bin/../lib/gcc/arm-none-eabi/5.4.1/../../../../arm-none-eabi/lib/armv7e-m/fpu/libc_nano.a(lib_a-mlock.o)
 .debug_frame   0x00004628       0x5c /home/ada/Downloads/gcc-arm-none-eabi-5_4-2016q3/bin/../lib/gcc/arm-none-eabi/5.4.1/../../../../arm-none-eabi/lib/armv7e-m/fpu/libc_nano.a(lib_a-reent.o)
 .debug_frame   0x00004684       0x20 /home/ada/Downloads/gcc-arm-none-eabi-5_4-2016q3/bin/../lib/gcc/arm-none-eabi/5.4.1/../../../../arm-none-eabi/lib/armv7e-m/fpu/libnosys.a(sbrk.o)
 .debug_frame   0x000046a4       0x2c /home/ada/Downloads/gcc-arm-none-eabi-5_4-2016q3/bin/../lib/gcc/arm-none-eabi/5.4.1/armv7e-m/fpu/libgcc.a(_aeabi_uldivmod.o)
 .debug_frame   0x000046d0       0x34 /home/ada/Downloads/gcc-arm-none-eabi-5_4-2016q3/bin/../lib/gcc/arm-none-eabi/5.4.1/armv7e-m/fpu/libgcc.a(_udivmoddi4.o)

Cross Reference Table

Symbol                                            File
ADC_IRQHandler                                    build/startup_stm32f407xx.o
AHBPrescTable                                     build/system_stm32f4xx.o
                                                  build/stm32f4xx_hal_rcc.o
APBPrescTable                                     build/system_stm32f4xx.o
                                                  build/stm32f4xx_hal_rcc.o
AUDIO_Class                                       build/usbh_audio.o
                                                  build/usb_host.o
Appli_state                                       build/usb_host.o
BSP_SD_DMA_Rx_IRQHandler                          build/bsp_driver_sd.o
BSP_SD_DMA_Tx_IRQHandler                          build/bsp_driver_sd.o
BSP_SD_DetectCallback                             build/bsp_driver_sd.o
BSP_SD_DetectIT                                   build/bsp_driver_sd.o
BSP_SD_Erase                                      build/bsp_driver_sd.o
BSP_SD_GetCardInfo                                build/bsp_driver_sd.o
                                                  build/sd_diskio.o
BSP_SD_GetCardState                               build/bsp_driver_sd.o
                                                  build/sd_diskio.o
BSP_SD_IRQHandler                                 build/bsp_driver_sd.o
BSP_SD_ITConfig                                   build/bsp_driver_sd.o
BSP_SD_Init                                       build/bsp_driver_sd.o